wsl :  Image reports-query-service Building 
En C:\Users\gabip\OneDrive\Documentos\WindowsPowerShell\Microsoft.PowerShell_pr
ofile.ps1: 7 Carácter: 19
+ function docker { wsl docker @args }
+                   ~~~~~~~~~~~~~~~~
    + CategoryInfo          : NotSpecified: ( Image reports-query-service Buil 
   ding :String) [], RemoteException
    + FullyQualifiedErrorId : NativeCommandError
 
#1 [internal] load local bake definitions
#1 reading from stdin 572B done
#1 DONE 0.0s

#2 [internal] load build definition from Dockerfile
#2 transferring dockerfile: 353B 0.0s done
#2 DONE 0.1s

#3 [internal] load metadata for docker.io/library/node:20-alpine
#3 DONE 1.5s

#4 [internal] load .dockerignore
#4 transferring context: 2B 0.1s done
#4 DONE 0.1s

#5 [1/9] FROM docker.io/library/node:20-alpine@sha256:09e2b3d9726018aecf269bd35325f46bf75046a643a66d28360ec71132750ec8
#5 DONE 0.0s

#6 [internal] load build context
#6 transferring context: 1.67kB 0.3s done
#6 DONE 0.3s

#7 [3/9] COPY package.json ./
#7 CACHED

#8 [4/9] RUN npm install
#8 CACHED

#9 [5/9] COPY tsconfig.json vitest.config.ts ./
#9 CACHED

#10 [6/9] COPY src ./src
#10 CACHED

#11 [7/9] COPY tests ./tests
#11 CACHED

#12 [2/9] WORKDIR /app
#12 CACHED

#13 [8/9] RUN npx tsc
#13 CACHED

#14 [9/9] RUN npm test
#14 1.327 
#14 1.327 > reports-query@1.0.0 test
#14 1.327 > vitest run --coverage
#14 1.327 
#14 2.315 [33mThe CJS build of Vite's Node API is deprecated. See https://vite.dev/guide/troubleshooting.html#vite-cjs-node-api-deprecated for more details.[39m
#14 2.816 
#14 2.816  RUN  v2.1.9 /app
#14 2.817       Coverage enabled with v8
#14 2.817 
#14 4.940 stderr | tests/HU-01.test.ts > TC-001 ΓÇö Listado paginado con tama├▒o por defecto (HU-01) > debe retornar 20 tickets y paginaci├│n correcta cuando no se especifica limit
#14 4.940 Error fetching tickets from database: AggregateError: 
#14 4.940     at /app/node_modules/pg-pool/index.js:45:11
#14 4.940     at processTicksAndRejections (node:internal/process/task_queues:95:5)
#14 4.940     at async Promise.all (index 0)
#14 4.940     at TicketRepository.findAll (/app/src/repositories/TicketRepository.ts:69:47)
#14 4.940     at TicketsController.getTickets (/app/src/controllers/ticketsController.ts:20:22) {
#14 4.940   code: 'ECONNREFUSED',
#14 4.940   [errors]: [
#14 4.940     Error: connect ECONNREFUSED ::1:5432
#14 4.940         at createConnectionError (node:net:1652:14)
#14 4.940         at afterConnectMultiple (node:net:1682:16) {
#14 4.940       errno: -111,
#14 4.940       code: 'ECONNREFUSED',
#14 4.940       syscall: 'connect',
#14 4.940       address: '::1',
#14 4.940       port: 5432
#14 4.940     },
#14 4.940     Error: connect ECONNREFUSED 127.0.0.1:5432
#14 4.940         at createConnectionError (node:net:1652:14)
#14 4.940         at afterConnectMultiple (node:net:1682:16) {
#14 4.940       errno: -111,
#14 4.940       code: 'ECONNREFUSED',
#14 4.940       syscall: 'connect',
#14 4.940       address: '127.0.0.1',
#14 4.940       port: 5432
#14 4.940     }
#14 4.940   ]
#14 4.940 }
#14 4.940 
#14 4.979 stderr | tests/HU-01.test.ts > TC-002 ΓÇö Listado paginado con tama├▒o configurable (HU-01) > debe retornar 10 tickets y paginaci├│n correcta cuando limit=10
#14 4.979 Error fetching tickets from database: AggregateError: 
#14 4.979     at /app/node_modules/pg-pool/index.js:45:11
#14 4.979     at processTicksAndRejections (node:internal/process/task_queues:95:5)
#14 4.979     at async Promise.all (index 0)
#14 4.979     at TicketRepository.findAll (/app/src/repositories/TicketRepository.ts:69:47)
#14 4.979     at TicketsController.getTickets (/app/src/controllers/ticketsController.ts:20:22) {
#14 4.979   code: 'ECONNREFUSED',
#14 4.979   [errors]: [
#14 4.979     Error: connect ECONNREFUSED ::1:5432
#14 4.979         at createConnectionError (node:net:1652:14)
#14 4.979         at afterConnectMultiple (node:net:1682:16) {
#14 4.979       errno: -111,
#14 4.979       code: 'ECONNREFUSED',
#14 4.979       syscall: 'connect',
#14 4.979       address: '::1',
#14 4.979       port: 5432
#14 4.979     },
#14 4.979     Error: connect ECONNREFUSED 127.0.0.1:5432
#14 4.979         at createConnectionError (node:net:1652:14)
#14 4.979         at afterConnectMultiple (node:net:1682:16) {
#14 4.979       errno: -111,
#14 4.979       code: 'ECONNREFUSED',
#14 4.979       syscall: 'connect',
#14 4.979       address: '127.0.0.1',
#14 4.979       port: 5432
#14 4.979     }
#14 4.979   ]
#14 4.979 }
#14 4.980 
#14 5.011 stderr | tests/HU-01.test.ts > TC-003 ΓÇö Indicaci├│n de total de resultados y p├ígina actual (HU-01) > debe retornar la metadata correcta de paginaci├│n y 15 tickets en la p├ígina 3
#14 5.011 Error fetching tickets from database: AggregateError: 
#14 5.011     at /app/node_modules/pg-pool/index.js:45:11
#14 5.011     at processTicksAndRejections (node:internal/process/task_queues:95:5)
#14 5.011     at async Promise.all (index 0)
#14 5.011     at TicketRepository.findAll (/app/src/repositories/TicketRepository.ts:69:47)
#14 5.011     at TicketsController.getTickets (/app/src/controllers/ticketsController.ts:20:22) {
#14 5.011   code: 'ECONNREFUSED',
#14 5.011   [errors]: [
#14 5.011     Error: connect ECONNREFUSED ::1:5432
#14 5.011         at createConnectionError (node:net:1652:14)
#14 5.011         at afterConnectMultiple (node:net:1682:16) {
#14 5.011       errno: -111,
#14 5.011       code: 'ECONNREFUSED',
#14 5.011       syscall: 'connect',
#14 5.011       address: '::1',
#14 5.011       port: 5432
#14 5.011     },
#14 5.011     Error: connect ECONNREFUSED 127.0.0.1:5432
#14 5.011         at createConnectionError (node:net:1652:14)
#14 5.011         at afterConnectMultiple (node:net:1682:16) {
#14 5.011       errno: -111,
#14 5.011       code: 'ECONNREFUSED',
#14 5.011       syscall: 'connect',
#14 5.011       address: '127.0.0.1',
#14 5.011       port: 5432
#14 5.011     }
#14 5.011   ]
#14 5.011 }
#14 5.011 
#14 5.031 stderr | tests/HU-01.test.ts > TC-004 ΓÇö Ordenamiento consistente entre p├íginas (HU-01) > debe retornar los tickets ordenados ascendentemente por fecha de creaci├│n en ambas p├íginas
#14 5.031 Error fetching tickets from database: AggregateError: 
#14 5.031     at /app/node_modules/pg-pool/index.js:45:11
#14 5.031     at processTicksAndRejections (node:internal/process/task_queues:95:5)
#14 5.031     at async Promise.all (index 0)
#14 5.031     at TicketRepository.findAll (/app/src/repositories/TicketRepository.ts:69:47)
#14 5.031     at TicketsController.getTickets (/app/src/controllers/ticketsController.ts:20:22) {
#14 5.031   code: 'ECONNREFUSED',
#14 5.031   [errors]: [
#14 5.031     Error: connect ECONNREFUSED ::1:5432
#14 5.031         at createConnectionError (node:net:1652:14)
#14 5.031         at afterConnectMultiple (node:net:1682:16) {
#14 5.031       errno: -111,
#14 5.031       code: 'ECONNREFUSED',
#14 5.031       syscall: 'connect',
#14 5.031       address: '::1',
#14 5.031       port: 5432
#14 5.031     },
#14 5.031     Error: connect ECONNREFUSED 127.0.0.1:5432
#14 5.031         at createConnectionError (node:net:1652:14)
#14 5.031         at afterConnectMultiple (node:net:1682:16) {
#14 5.031       errno: -111,
#14 5.031       code: 'ECONNREFUSED',
#14 5.031       syscall: 'connect',
#14 5.031       address: '127.0.0.1',
#14 5.031       port: 5432
#14 5.031     }
#14 5.031   ]
#14 5.031 }
#14 5.032 
#14 5.052 stderr | tests/HU-01.test.ts > TC-005 ΓÇö Lista vac├¡a cuando no hay tickets (HU-01) > debe retornar un arreglo vac├¡o y paginaci├│n en cero cuando no hay tickets
#14 5.052 Error fetching tickets from database: AggregateError: 
#14 5.052     at /app/node_modules/pg-pool/index.js:45:11
#14 5.052     at processTicksAndRejections (node:internal/process/task_queues:95:5)
#14 5.052     at async Promise.all (index 0)
#14 5.052     at TicketRepository.findAll (/app/src/repositories/TicketRepository.ts:69:47)
#14 5.052     at TicketsController.getTickets (/app/src/controllers/ticketsController.ts:20:22) {
#14 5.052   code: 'ECONNREFUSED',
#14 5.052   [errors]: [
#14 5.052     Error: connect ECONNREFUSED ::1:5432
#14 5.052         at createConnectionError (node:net:1652:14)
#14 5.052         at afterConnectMultiple (node:net:1682:16) {
#14 5.052       errno: -111,
#14 5.052       code: 'ECONNREFUSED',
#14 5.052       syscall: 'connect',
#14 5.052       address: '::1',
#14 5.052       port: 5432
#14 5.052     },
#14 5.052     Error: connect ECONNREFUSED 127.0.0.1:5432
#14 5.052         at createConnectionError (node:net:1652:14)
#14 5.052         at afterConnectMultiple (node:net:1682:16) {
#14 5.052       errno: -111,
#14 5.052       code: 'ECONNREFUSED',
#14 5.052       syscall: 'connect',
#14 5.052       address: '127.0.0.1',
#14 5.052       port: 5432
#14 5.052     }
#14 5.052   ]
#14 5.052 }
#14 5.052 
#14 5.079 stderr | tests/HU-01.test.ts > TC-006 ΓÇö Solicitar p├ígina fuera de rango (HU-01) > debe retornar un arreglo vac├¡o y la metadata correcta cuando se solicita una p├ígina fuera de rango
#14 5.079 Error fetching tickets from database: AggregateError: 
#14 5.079     at /app/node_modules/pg-pool/index.js:45:11
#14 5.079     at processTicksAndRejections (node:internal/process/task_queues:95:5)
#14 5.079     at async Promise.all (index 0)
#14 5.079     at TicketRepository.findAll (/app/src/repositories/TicketRepository.ts:69:47)
#14 5.079     at TicketsController.getTickets (/app/src/controllers/ticketsController.ts:20:22) {
#14 5.079   code: 'ECONNREFUSED',
#14 5.079   [errors]: [
#14 5.079     Error: connect ECONNREFUSED ::1:5432
#14 5.079         at createConnectionError (node:net:1652:14)
#14 5.079         at afterConnectMultiple (node:net:1682:16) {
#14 5.079       errno: -111,
#14 5.079       code: 'ECONNREFUSED',
#14 5.079       syscall: 'connect',
#14 5.079       address: '::1',
#14 5.079       port: 5432
#14 5.079     },
#14 5.079     Error: connect ECONNREFUSED 127.0.0.1:5432
#14 5.079         at createConnectionError (node:net:1652:14)
#14 5.079         at afterConnectMultiple (node:net:1682:16) {
#14 5.079       errno: -111,
#14 5.079       code: 'ECONNREFUSED',
#14 5.079       syscall: 'connect',
#14 5.079       address: '127.0.0.1',
#14 5.079       port: 5432
#14 5.079     }
#14 5.079   ]
#14 5.079 }
#14 5.079 
#14 5.096 stderr | tests/HU-01.test.ts > TC-007 ΓÇö Tama├▒o de p├ígina con valores inv├ílidos (HU-01) > debe retornar 400 y mensaje de error para limit=0
#14 5.096 Error fetching tickets from database: AggregateError: 
#14 5.096     at /app/node_modules/pg-pool/index.js:45:11
#14 5.096     at processTicksAndRejections (node:internal/process/task_queues:95:5)
#14 5.096     at async Promise.all (index 0)
#14 5.096     at TicketRepository.findAll (/app/src/repositories/TicketRepository.ts:69:47)
#14 5.096     at TicketsController.getTickets (/app/src/controllers/ticketsController.ts:20:22) {
#14 5.096   code: 'ECONNREFUSED',
#14 5.096   [errors]: [
#14 5.096     Error: connect ECONNREFUSED ::1:5432
#14 5.096         at createConnectionError (node:net:1652:14)
#14 5.096         at afterConnectMultiple (node:net:1682:16) {
#14 5.096       errno: -111,
#14 5.096       code: 'ECONNREFUSED',
#14 5.096       syscall: 'connect',
#14 5.096       address: '::1',
#14 5.096       port: 5432
#14 5.096     },
#14 5.096     Error: connect ECONNREFUSED 127.0.0.1:5432
#14 5.096         at createConnectionError (node:net:1652:14)
#14 5.096         at afterConnectMultiple (node:net:1682:16) {
#14 5.096       errno: -111,
#14 5.096       code: 'ECONNREFUSED',
#14 5.096       syscall: 'connect',
#14 5.096       address: '127.0.0.1',
#14 5.096       port: 5432
#14 5.096     }
#14 5.096   ]
#14 5.096 }
#14 5.096 
#14 5.129 stderr | tests/HU-01.test.ts > TC-007 ΓÇö Tama├▒o de p├ígina con valores inv├ílidos (HU-01) > debe retornar 400 y mensaje de error para limit negativo
#14 5.129 Error fetching tickets from database: AggregateError: 
#14 5.129     at /app/node_modules/pg-pool/index.js:45:11
#14 5.129     at processTicksAndRejections (node:internal/process/task_queues:95:5)
#14 5.129     at async Promise.all (index 0)
#14 5.129     at TicketRepository.findAll (/app/src/repositories/TicketRepository.ts:69:47)
#14 5.129     at TicketsController.getTickets (/app/src/controllers/ticketsController.ts:20:22) {
#14 5.129   code: 'ECONNREFUSED',
#14 5.129   [errors]: [
#14 5.129     Error: connect ECONNREFUSED ::1:5432
#14 5.129         at createConnectionError (node:net:1652:14)
#14 5.129         at afterConnectMultiple (node:net:1682:16) {
#14 5.129       errno: -111,
#14 5.129       code: 'ECONNREFUSED',
#14 5.129       syscall: 'connect',
#14 5.129       address: '::1',
#14 5.129       port: 5432
#14 5.129     },
#14 5.129     Error: connect ECONNREFUSED 127.0.0.1:5432
#14 5.129         at createConnectionError (node:net:1652:14)
#14 5.129         at afterConnectMultiple (node:net:1682:16) {
#14 5.129       errno: -111,
#14 5.129       code: 'ECONNREFUSED',
#14 5.129       syscall: 'connect',
#14 5.129       address: '127.0.0.1',
#14 5.129       port: 5432
#14 5.129     }
#14 5.129   ]
#14 5.129 }
#14 5.129 
#14 5.136 stderr | tests/HU-01.test.ts > TC-007 ΓÇö Tama├▒o de p├ígina con valores inv├ílidos (HU-01) > debe retornar 400 y mensaje de error para limit mayor al m├íximo
#14 5.136 Error fetching tickets from database: AggregateError: 
#14 5.136     at /app/node_modules/pg-pool/index.js:45:11
#14 5.136     at processTicksAndRejections (node:internal/process/task_queues:95:5)
#14 5.136     at async Promise.all (index 0)
#14 5.136     at TicketRepository.findAll (/app/src/repositories/TicketRepository.ts:69:47)
#14 5.136     at TicketsController.getTickets (/app/src/controllers/ticketsController.ts:20:22) {
#14 5.136   code: 'ECONNREFUSED',
#14 5.136   [errors]: [
#14 5.136     Error: connect ECONNREFUSED ::1:5432
#14 5.136         at createConnectionError (node:net:1652:14)
#14 5.136         at afterConnectMultiple (node:net:1682:16) {
#14 5.136       errno: -111,
#14 5.136       code: 'ECONNREFUSED',
#14 5.136       syscall: 'connect',
#14 5.136       address: '::1',
#14 5.136       port: 5432
#14 5.136     },
#14 5.136     Error: connect ECONNREFUSED 127.0.0.1:5432
#14 5.136         at createConnectionError (node:net:1652:14)
#14 5.136         at afterConnectMultiple (node:net:1682:16) {
#14 5.136       errno: -111,
#14 5.136       code: 'ECONNREFUSED',
#14 5.136       syscall: 'connect',
#14 5.136       address: '127.0.0.1',
#14 5.136       port: 5432
#14 5.136     }
#14 5.136   ]
#14 5.136 }
#14 5.136 
#14 5.146 stderr | tests/HU-01.test.ts > TC-007 ΓÇö Tama├▒o de p├ígina con valores inv├ílidos (HU-01) > debe retornar 400 y mensaje de error para limit no num├⌐rico
#14 5.146 Error fetching tickets from database: AggregateError: 
#14 5.146     at /app/node_modules/pg-pool/index.js:45:11
#14 5.146     at processTicksAndRejections (node:internal/process/task_queues:95:5)
#14 5.146     at async Promise.all (index 0)
#14 5.146     at TicketRepository.findAll (/app/src/repositories/TicketRepository.ts:69:47)
#14 5.146     at TicketsController.getTickets (/app/src/controllers/ticketsController.ts:20:22) {
#14 5.146   code: 'ECONNREFUSED',
#14 5.146   [errors]: [
#14 5.146     Error: connect ECONNREFUSED ::1:5432
#14 5.146         at createConnectionError (node:net:1652:14)
#14 5.146         at afterConnectMultiple (node:net:1682:16) {
#14 5.146       errno: -111,
#14 5.146       code: 'ECONNREFUSED',
#14 5.146       syscall: 'connect',
#14 5.146       address: '::1',
#14 5.146       port: 5432
#14 5.146     },
#14 5.146     Error: connect ECONNREFUSED 127.0.0.1:5432
#14 5.146         at createConnectionError (node:net:1652:14)
#14 5.146         at afterConnectMultiple (node:net:1682:16) {
#14 5.146       errno: -111,
#14 5.146       code: 'ECONNREFUSED',
#14 5.146       syscall: 'connect',
#14 5.146       address: '127.0.0.1',
#14 5.146       port: 5432
#14 5.146     }
#14 5.146   ]
#14 5.146 }
#14 5.146 
#14 5.219  Γ¥» tests/HU-01.test.ts (10 tests | 10 failed) 370ms
#14 5.220    ├ù TC-001 ΓÇö Listado paginado con tama├▒o por defecto (HU-01) > debe retornar 20 tickets y paginaci├│n correcta cuando no se especifica limit 75ms
#14 5.221      ΓåÆ expected 200 "OK", got 500 "Internal Server Error"
#14 5.221    ├ù TC-002 ΓÇö Listado paginado con tama├▒o configurable (HU-01) > debe retornar 10 tickets y paginaci├│n correcta cuando limit=10 22ms
#14 5.221      ΓåÆ expected 200 "OK", got 500 "Internal Server Error"
#14 5.222    ├ù TC-003 ΓÇö Indicaci├│n de total de resultados y p├ígina actual (HU-01) > debe retornar la metadata correcta de paginaci├│n y 15 tickets en la p├ígina 3 18ms
#14 5.222      ΓåÆ expected 200 "OK", got 500 "Internal Server Error"
#14 5.224    ├ù TC-004 ΓÇö Ordenamiento consistente entre p├íginas (HU-01) > debe retornar los tickets ordenados ascendentemente por fecha de creaci├│n en ambas p├íginas 11ms
#14 5.224      ΓåÆ expected 200 "OK", got 500 "Internal Server Error"
#14 5.224    ├ù TC-005 ΓÇö Lista vac├¡a cuando no hay tickets (HU-01) > debe retornar un arreglo vac├¡o y paginaci├│n en cero cuando no hay tickets 16ms
#14 5.224      ΓåÆ expected 200 "OK", got 500 "Internal Server Error"
#14 5.224    ├ù TC-006 ΓÇö Solicitar p├ígina fuera de rango (HU-01) > debe retornar un arreglo vac├¡o y la metadata correcta cuando se solicita una p├ígina fuera de rango 11ms
#14 5.224      ΓåÆ expected 200 "OK", got 500 "Internal Server Error"
#14 5.224    ├ù TC-007 ΓÇö Tama├▒o de p├ígina con valores inv├ílidos (HU-01) > debe retornar 400 y mensaje de error para limit=0 25ms
#14 5.224      ΓåÆ expected 500 to be 400 // Object.is equality
#14 5.224    ├ù TC-007 ΓÇö Tama├▒o de p├ígina con valores inv├ílidos (HU-01) > debe retornar 400 y mensaje de error para limit negativo 19ms
#14 5.224      ΓåÆ expected 500 to be 400 // Object.is equality
#14 5.225    ├ù TC-007 ΓÇö Tama├▒o de p├ígina con valores inv├ílidos (HU-01) > debe retornar 400 y mensaje de error para limit mayor al m├íximo 8ms
#14 5.225      ΓåÆ expected 500 to be 400 // Object.is equality
#14 5.225    ├ù TC-007 ΓÇö Tama├▒o de p├ígina con valores inv├ílidos (HU-01) > debe retornar 400 y mensaje de error para limit no num├⌐rico 8ms
#14 5.225      ΓåÆ expected 500 to be 400 // Object.is equality
#14 5.354  Γ£ô src/__tests__/HU-09.test.ts (46 tests) 530ms
#14 6.084  Γ£ô src/__tests__/HU-06.test.ts (34 tests) 55ms
#14 6.347 stderr | tests/HU-03.test.ts > TC-017 ΓÇö Filtrar por prioridad sin resultados coincidentes (HU-03) > debe retornar lista vac├¡a y totalItems 0 cuando no existen tickets con la prioridad filtrada
#14 6.347 Error fetching tickets from database: AggregateError: 
#14 6.347     at /app/node_modules/pg-pool/index.js:45:11
#14 6.347     at processTicksAndRejections (node:internal/process/task_queues:95:5)
#14 6.347     at async Promise.all (index 0)
#14 6.347     at TicketRepository.findAll (/app/src/repositories/TicketRepository.ts:69:47)
#14 6.347     at TicketsController.getTickets (/app/src/controllers/ticketsController.ts:20:22) {
#14 6.347   code: 'ECONNREFUSED',
#14 6.347   [errors]: [
#14 6.347     Error: connect ECONNREFUSED ::1:5432
#14 6.347         at createConnectionError (node:net:1652:14)
#14 6.347         at afterConnectMultiple (node:net:1682:16) {
#14 6.347       errno: -111,
#14 6.347       code: 'ECONNREFUSED',
#14 6.347       syscall: 'connect',
#14 6.347       address: '::1',
#14 6.347       port: 5432
#14 6.347     },
#14 6.347     Error: connect ECONNREFUSED 127.0.0.1:5432
#14 6.347         at createConnectionError (node:net:1652:14)
#14 6.347         at afterConnectMultiple (node:net:1682:16) {
#14 6.347       errno: -111,
#14 6.347       code: 'ECONNREFUSED',
#14 6.347       syscall: 'connect',
#14 6.347       address: '127.0.0.1',
#14 6.347       port: 5432
#14 6.347     }
#14 6.347   ]
#14 6.347 }
#14 6.347 
#14 6.378 stderr | tests/HU-03.test.ts > TC-016 ΓÇö Filtrar con prioridad inv├ílida (HU-03) > debe rechazar prioridad inventada (CRITICAL) con HTTP 400 y mensaje claro
#14 6.378 Error fetching tickets from database: AggregateError: 
#14 6.378     at /app/node_modules/pg-pool/index.js:45:11
#14 6.378     at processTicksAndRejections (node:internal/process/task_queues:95:5)
#14 6.378     at async Promise.all (index 0)
#14 6.378     at TicketRepository.findAll (/app/src/repositories/TicketRepository.ts:69:47)
#14 6.378     at TicketsController.getTickets (/app/src/controllers/ticketsController.ts:20:22) {
#14 6.378   code: 'ECONNREFUSED',
#14 6.378   [errors]: [
#14 6.378     Error: connect ECONNREFUSED ::1:5432
#14 6.378         at createConnectionError (node:net:1652:14)
#14 6.378         at afterConnectMultiple (node:net:1682:16) {
#14 6.378       errno: -111,
#14 6.378       code: 'ECONNREFUSED',
#14 6.378       syscall: 'connect',
#14 6.378       address: '::1',
#14 6.378       port: 5432
#14 6.378     },
#14 6.378     Error: connect ECONNREFUSED 127.0.0.1:5432
#14 6.378         at createConnectionError (node:net:1652:14)
#14 6.378         at afterConnectMultiple (node:net:1682:16) {
#14 6.378       errno: -111,
#14 6.378       code: 'ECONNREFUSED',
#14 6.378       syscall: 'connect',
#14 6.378       address: '127.0.0.1',
#14 6.378       port: 5432
#14 6.378     }
#14 6.378   ]
#14 6.378 }
#14 6.378 
#14 6.389 stderr | tests/HU-03.test.ts > TC-016 ΓÇö Filtrar con prioridad inv├ílida (HU-03) > debe rechazar prioridad inventada (URGENT) con HTTP 400 y mensaje claro
#14 6.389 Error fetching tickets from database: AggregateError: 
#14 6.389     at /app/node_modules/pg-pool/index.js:45:11
#14 6.389     at processTicksAndRejections (node:internal/process/task_queues:95:5)
#14 6.389     at async Promise.all (index 0)
#14 6.389     at TicketRepository.findAll (/app/src/repositories/TicketRepository.ts:69:47)
#14 6.389     at TicketsController.getTickets (/app/src/controllers/ticketsController.ts:20:22) {
#14 6.389   code: 'ECONNREFUSED',
#14 6.389   [errors]: [
#14 6.389     Error: connect ECONNREFUSED ::1:5432
#14 6.389         at createConnectionError (node:net:1652:14)
#14 6.389         at afterConnectMultiple (node:net:1682:16) {
#14 6.389       errno: -111,
#14 6.389       code: 'ECONNREFUSED',
#14 6.389       syscall: 'connect',
#14 6.389       address: '::1',
#14 6.389       port: 5432
#14 6.389     },
#14 6.389     Error: connect ECONNREFUSED 127.0.0.1:5432
#14 6.389         at createConnectionError (node:net:1652:14)
#14 6.389         at afterConnectMultiple (node:net:1682:16) {
#14 6.389       errno: -111,
#14 6.389       code: 'ECONNREFUSED',
#14 6.389       syscall: 'connect',
#14 6.389       address: '127.0.0.1',
#14 6.389       port: 5432
#14 6.389     }
#14 6.389   ]
#14 6.389 }
#14 6.389 
#14 6.398 stderr | tests/HU-03.test.ts > TC-016 ΓÇö Filtrar con prioridad inv├ílida (HU-03) > debe rechazar prioridad num├⌐rica (1) con HTTP 400
#14 6.398 Error fetching tickets from database: AggregateError: 
#14 6.398     at /app/node_modules/pg-pool/index.js:45:11
#14 6.398     at processTicksAndRejections (node:internal/process/task_queues:95:5)
#14 6.398     at async Promise.all (index 0)
#14 6.398     at TicketRepository.findAll (/app/src/repositories/TicketRepository.ts:69:47)
#14 6.398     at TicketsController.getTickets (/app/src/controllers/ticketsController.ts:20:22) {
#14 6.398   code: 'ECONNREFUSED',
#14 6.398   [errors]: [
#14 6.398     Error: connect ECONNREFUSED ::1:5432
#14 6.398         at createConnectionError (node:net:1652:14)
#14 6.398         at afterConnectMultiple (node:net:1682:16) {
#14 6.398       errno: -111,
#14 6.398       code: 'ECONNREFUSED',
#14 6.398       syscall: 'connect',
#14 6.398       address: '::1',
#14 6.398       port: 5432
#14 6.398     },
#14 6.398     Error: connect ECONNREFUSED 127.0.0.1:5432
#14 6.398         at createConnectionError (node:net:1652:14)
#14 6.398         at afterConnectMultiple (node:net:1682:16) {
#14 6.398       errno: -111,
#14 6.398       code: 'ECONNREFUSED',
#14 6.398       syscall: 'connect',
#14 6.398       address: '127.0.0.1',
#14 6.398       port: 5432
#14 6.398     }
#14 6.398   ]
#14 6.398 }
#14 6.402 
#14 6.409 stderr | tests/HU-03.test.ts > TC-016 ΓÇö Filtrar con prioridad inv├ílida (HU-03) > debe rechazar prioridad vac├¡a con HTTP 400
#14 6.409 Error fetching tickets from database: AggregateError: 
#14 6.409     at /app/node_modules/pg-pool/index.js:45:11
#14 6.409     at processTicksAndRejections (node:internal/process/task_queues:95:5)
#14 6.409     at async Promise.all (index 0)
#14 6.409     at TicketRepository.findAll (/app/src/repositories/TicketRepository.ts:69:47)
#14 6.409     at TicketsController.getTickets (/app/src/controllers/ticketsController.ts:20:22) {
#14 6.409   code: 'ECONNREFUSED',
#14 6.409   [errors]: [
#14 6.409     Error: connect ECONNREFUSED ::1:5432
#14 6.409         at createConnectionError (node:net:1652:14)
#14 6.409         at afterConnectMultiple (node:net:1682:16) {
#14 6.409       errno: -111,
#14 6.409       code: 'ECONNREFUSED',
#14 6.409       syscall: 'connect',
#14 6.409       address: '::1',
#14 6.409       port: 5432
#14 6.409     },
#14 6.409     Error: connect ECONNREFUSED 127.0.0.1:5432
#14 6.409         at createConnectionError (node:net:1652:14)
#14 6.409         at afterConnectMultiple (node:net:1682:16) {
#14 6.409       errno: -111,
#14 6.409       code: 'ECONNREFUSED',
#14 6.409       syscall: 'connect',
#14 6.409       address: '127.0.0.1',
#14 6.409       port: 5432
#14 6.409     }
#14 6.409   ]
#14 6.409 }
#14 6.410 
#14 6.422 stderr | tests/HU-03.test.ts > TC-013 ΓÇö Filtrar por prioridad v├ílida (HU-03) > debe retornar solo tickets con prioridad HIGH y totalItems correcto
#14 6.422 Error fetching tickets from database: AggregateError: 
#14 6.422     at /app/node_modules/pg-pool/index.js:45:11
#14 6.422     at processTicksAndRejections (node:internal/process/task_queues:95:5)
#14 6.422     at async Promise.all (index 1)
#14 6.422     at TicketRepository.findAll (/app/src/repositories/TicketRepository.ts:69:47)
#14 6.422     at TicketsController.getTickets (/app/src/controllers/ticketsController.ts:20:22) {
#14 6.422   code: 'ECONNREFUSED',
#14 6.422   [errors]: [
#14 6.422     Error: connect ECONNREFUSED ::1:5432
#14 6.422         at createConnectionError (node:net:1652:14)
#14 6.422         at afterConnectMultiple (node:net:1682:16) {
#14 6.422       errno: -111,
#14 6.422       code: 'ECONNREFUSED',
#14 6.422       syscall: 'connect',
#14 6.422       address: '::1',
#14 6.422       port: 5432
#14 6.422     },
#14 6.422     Error: connect ECONNREFUSED 127.0.0.1:5432
#14 6.422         at createConnectionError (node:net:1652:14)
#14 6.422         at afterConnectMultiple (node:net:1682:16) {
#14 6.422       errno: -111,
#14 6.422       code: 'ECONNREFUSED',
#14 6.422       syscall: 'connect',
#14 6.422       address: '127.0.0.1',
#14 6.422       port: 5432
#14 6.422     }
#14 6.422   ]
#14 6.422 }
#14 6.423 
#14 6.431 stderr | tests/HU-03.test.ts > TC-013 ΓÇö Filtrar por prioridad v├ílida (HU-03) > debe retornar solo tickets con prioridad PENDING y totalItems correcto
#14 6.431 Error fetching tickets from database: AggregateError: 
#14 6.431     at /app/node_modules/pg-pool/index.js:45:11
#14 6.431     at processTicksAndRejections (node:internal/process/task_queues:95:5)
#14 6.431     at async Promise.all (index 0)
#14 6.431     at TicketRepository.findAll (/app/src/repositories/TicketRepository.ts:69:47)
#14 6.431     at TicketsController.getTickets (/app/src/controllers/ticketsController.ts:20:22) {
#14 6.431   code: 'ECONNREFUSED',
#14 6.431   [errors]: [
#14 6.431     Error: connect ECONNREFUSED ::1:5432
#14 6.431         at createConnectionError (node:net:1652:14)
#14 6.431         at afterConnectMultiple (node:net:1682:16) {
#14 6.431       errno: -111,
#14 6.431       code: 'ECONNREFUSED',
#14 6.431       syscall: 'connect',
#14 6.431       address: '::1',
#14 6.431       port: 5432
#14 6.431     },
#14 6.431     Error: connect ECONNREFUSED 127.0.0.1:5432
#14 6.431         at createConnectionError (node:net:1652:14)
#14 6.431         at afterConnectMultiple (node:net:1682:16) {
#14 6.431       errno: -111,
#14 6.431       code: 'ECONNREFUSED',
#14 6.431       syscall: 'connect',
#14 6.431       address: '127.0.0.1',
#14 6.431       port: 5432
#14 6.431     }
#14 6.431   ]
#14 6.431 }
#14 6.433 
#14 6.460 stderr | tests/HU-03.test.ts > TC-013 ΓÇö Filtrar por prioridad v├ílida (HU-03) > debe retornar solo tickets con prioridad MEDIUM y totalItems correcto
#14 6.460 Error fetching tickets from database: AggregateError: 
#14 6.460     at /app/node_modules/pg-pool/index.js:45:11
#14 6.460     at processTicksAndRejections (node:internal/process/task_queues:95:5)
#14 6.460     at async Promise.all (index 0)
#14 6.460     at TicketRepository.findAll (/app/src/repositories/TicketRepository.ts:69:47)
#14 6.460     at TicketsController.getTickets (/app/src/controllers/ticketsController.ts:20:22) {
#14 6.460   code: 'ECONNREFUSED',
#14 6.460   [errors]: [
#14 6.460     Error: connect ECONNREFUSED ::1:5432
#14 6.460         at createConnectionError (node:net:1652:14)
#14 6.460         at afterConnectMultiple (node:net:1682:16) {
#14 6.460       errno: -111,
#14 6.460       code: 'ECONNREFUSED',
#14 6.460       syscall: 'connect',
#14 6.460       address: '::1',
#14 6.460       port: 5432
#14 6.460     },
#14 6.460     Error: connect ECONNREFUSED 127.0.0.1:5432
#14 6.460         at createConnectionError (node:net:1652:14)
#14 6.460         at afterConnectMultiple (node:net:1682:16) {
#14 6.460       errno: -111,
#14 6.460       code: 'ECONNREFUSED',
#14 6.460       syscall: 'connect',
#14 6.460       address: '127.0.0.1',
#14 6.460       port: 5432
#14 6.460     }
#14 6.460   ]
#14 6.460 }
#14 6.460 
#14 6.485 stderr | tests/HU-03.test.ts > TC-013 ΓÇö Filtrar por prioridad v├ílida (HU-03) > debe retornar solo tickets con prioridad LOW y totalItems correcto
#14 6.485 Error fetching tickets from database: AggregateError: 
#14 6.485     at /app/node_modules/pg-pool/index.js:45:11
#14 6.485     at processTicksAndRejections (node:internal/process/task_queues:95:5)
#14 6.485     at async Promise.all (index 0)
#14 6.485     at TicketRepository.findAll (/app/src/repositories/TicketRepository.ts:69:47)
#14 6.485     at TicketsController.getTickets (/app/src/controllers/ticketsController.ts:20:22) {
#14 6.485   code: 'ECONNREFUSED',
#14 6.485   [errors]: [
#14 6.485     Error: connect ECONNREFUSED ::1:5432
#14 6.485         at createConnectionError (node:net:1652:14)
#14 6.485         at afterConnectMultiple (node:net:1682:16) {
#14 6.485       errno: -111,
#14 6.485       code: 'ECONNREFUSED',
#14 6.485       syscall: 'connect',
#14 6.485       address: '::1',
#14 6.485       port: 5432
#14 6.485     },
#14 6.485     Error: connect ECONNREFUSED 127.0.0.1:5432
#14 6.485         at createConnectionError (node:net:1652:14)
#14 6.485         at afterConnectMultiple (node:net:1682:16) {
#14 6.485       errno: -111,
#14 6.485       code: 'ECONNREFUSED',
#14 6.485       syscall: 'connect',
#14 6.485       address: '127.0.0.1',
#14 6.485       port: 5432
#14 6.485     }
#14 6.485   ]
#14 6.485 }
#14 6.485 
#14 6.498 stderr | tests/HU-03.test.ts > TC-015 ΓÇö Combinar filtro de prioridad con otros filtros (HU-03) > debe retornar solo tickets con priority HIGH y status IN_PROGRESS
#14 6.498 Error fetching tickets from database: AggregateError: 
#14 6.498     at /app/node_modules/pg-pool/index.js:45:11
#14 6.498     at processTicksAndRejections (node:internal/process/task_queues:95:5)
#14 6.498     at async Promise.all (index 1)
#14 6.498     at TicketRepository.findAll (/app/src/repositories/TicketRepository.ts:69:47)
#14 6.498     at TicketsController.getTickets (/app/src/controllers/ticketsController.ts:20:22) {
#14 6.498   code: 'ECONNREFUSED',
#14 6.498   [errors]: [
#14 6.498     Error: connect ECONNREFUSED ::1:5432
#14 6.498         at createConnectionError (node:net:1652:14)
#14 6.498         at afterConnectMultiple (node:net:1682:16) {
#14 6.498       errno: -111,
#14 6.498       code: 'ECONNREFUSED',
#14 6.498       syscall: 'connect',
#14 6.498       address: '::1',
#14 6.498       port: 5432
#14 6.498     },
#14 6.498     Error: connect ECONNREFUSED 127.0.0.1:5432
#14 6.498         at createConnectionError (node:net:1652:14)
#14 6.498         at afterConnectMultiple (node:net:1682:16) {
#14 6.498       errno: -111,
#14 6.498       code: 'ECONNREFUSED',
#14 6.498       syscall: 'connect',
#14 6.498       address: '127.0.0.1',
#14 6.498       port: 5432
#14 6.498     }
#14 6.498   ]
#14 6.498 }
#14 6.498 
#14 6.505 stderr | tests/HU-03.test.ts > TC-015 ΓÇö Combinar filtro de prioridad con otros filtros (HU-03) > debe retornar solo tickets con priority HIGH y type NO_SERVICE
#14 6.505 Error fetching tickets from database: AggregateError: 
#14 6.505     at /app/node_modules/pg-pool/index.js:45:11
#14 6.505     at processTicksAndRejections (node:internal/process/task_queues:95:5)
#14 6.505     at async Promise.all (index 1)
#14 6.505     at TicketRepository.findAll (/app/src/repositories/TicketRepository.ts:69:47)
#14 6.505     at TicketsController.getTickets (/app/src/controllers/ticketsController.ts:20:22) {
#14 6.505   code: 'ECONNREFUSED',
#14 6.505   [errors]: [
#14 6.505     Error: connect ECONNREFUSED ::1:5432
#14 6.505         at createConnectionError (node:net:1652:14)
#14 6.505         at afterConnectMultiple (node:net:1682:16) {
#14 6.505       errno: -111,
#14 6.505       code: 'ECONNREFUSED',
#14 6.505       syscall: 'connect',
#14 6.505       address: '::1',
#14 6.505       port: 5432
#14 6.505     },
#14 6.505     Error: connect ECONNREFUSED 127.0.0.1:5432
#14 6.505         at createConnectionError (node:net:1652:14)
#14 6.505         at afterConnectMultiple (node:net:1682:16) {
#14 6.505       errno: -111,
#14 6.505       code: 'ECONNREFUSED',
#14 6.505       syscall: 'connect',
#14 6.505       address: '127.0.0.1',
#14 6.505       port: 5432
#14 6.505     }
#14 6.505   ]
#14 6.505 }
#14 6.505 
#14 6.526 stderr | tests/HU-03.test.ts > TC-015 ΓÇö Combinar filtro de prioridad con otros filtros (HU-03) > debe retornar solo tickets con priority MEDIUM y status IN_PROGRESS
#14 6.526 Error fetching tickets from database: AggregateError: 
#14 6.526     at /app/node_modules/pg-pool/index.js:45:11
#14 6.526     at processTicksAndRejections (node:internal/process/task_queues:95:5)
#14 6.526     at async Promise.all (index 0)
#14 6.526     at TicketRepository.findAll (/app/src/repositories/TicketRepository.ts:69:47)
#14 6.526     at TicketsController.getTickets (/app/src/controllers/ticketsController.ts:20:22) {
#14 6.526   code: 'ECONNREFUSED',
#14 6.526   [errors]: [
#14 6.526     Error: connect ECONNREFUSED ::1:5432
#14 6.526         at createConnectionError (node:net:1652:14)
#14 6.526         at afterConnectMultiple (node:net:1682:16) {
#14 6.526       errno: -111,
#14 6.526       code: 'ECONNREFUSED',
#14 6.526       syscall: 'connect',
#14 6.526       address: '::1',
#14 6.526       port: 5432
#14 6.526     },
#14 6.526     Error: connect ECONNREFUSED 127.0.0.1:5432
#14 6.526         at createConnectionError (node:net:1652:14)
#14 6.526         at afterConnectMultiple (node:net:1682:16) {
#14 6.526       errno: -111,
#14 6.526       code: 'ECONNREFUSED',
#14 6.526       syscall: 'connect',
#14 6.526       address: '127.0.0.1',
#14 6.526       port: 5432
#14 6.526     }
#14 6.526   ]
#14 6.526 }
#14 6.526 
#14 6.538 stderr | tests/HU-03.test.ts > TC-015 ΓÇö Combinar filtro de prioridad con otros filtros (HU-03) > debe retornar todos los tickets si no hay filtros
#14 6.538 Error fetching tickets from database: AggregateError: 
#14 6.538     at /app/node_modules/pg-pool/index.js:45:11
#14 6.538     at processTicksAndRejections (node:internal/process/task_queues:95:5)
#14 6.538     at async Promise.all (index 0)
#14 6.538     at TicketRepository.findAll (/app/src/repositories/TicketRepository.ts:69:47)
#14 6.538     at TicketsController.getTickets (/app/src/controllers/ticketsController.ts:20:22) {
#14 6.538   code: 'ECONNREFUSED',
#14 6.538   [errors]: [
#14 6.538     Error: connect ECONNREFUSED ::1:5432
#14 6.538         at createConnectionError (node:net:1652:14)
#14 6.538         at afterConnectMultiple (node:net:1682:16) {
#14 6.538       errno: -111,
#14 6.538       code: 'ECONNREFUSED',
#14 6.538       syscall: 'connect',
#14 6.538       address: '::1',
#14 6.538       port: 5432
#14 6.538     },
#14 6.538     Error: connect ECONNREFUSED 127.0.0.1:5432
#14 6.538         at createConnectionError (node:net:1652:14)
#14 6.538         at afterConnectMultiple (node:net:1682:16) {
#14 6.538       errno: -111,
#14 6.538       code: 'ECONNREFUSED',
#14 6.538       syscall: 'connect',
#14 6.538       address: '127.0.0.1',
#14 6.538       port: 5432
#14 6.538     }
#14 6.538   ]
#14 6.538 }
#14 6.538 
#14 6.551  Γ¥» tests/HU-03.test.ts (13 tests | 13 failed) 288ms
#14 6.551    ├ù TC-017 ΓÇö Filtrar por prioridad sin resultados coincidentes (HU-03) > debe retornar lista vac├¡a y totalItems 0 cuando no existen tickets con la prioridad filtrada 106ms
#14 6.554      ΓåÆ expected 200 "OK", got 500 "Internal Server Error"
#14 6.556    ├ù TC-016 ΓÇö Filtrar con prioridad inv├ílida (HU-03) > debe rechazar prioridad inventada (CRITICAL) con HTTP 400 y mensaje claro 18ms
#14 6.556      ΓåÆ expected 400 "Bad Request", got 500 "Internal Server Error"
#14 6.556    ├ù TC-016 ΓÇö Filtrar con prioridad inv├ílida (HU-03) > debe rechazar prioridad inventada (URGENT) con HTTP 400 y mensaje claro 11ms
#14 6.556      ΓåÆ expected 400 "Bad Request", got 500 "Internal Server Error"
#14 6.556    ├ù TC-016 ΓÇö Filtrar con prioridad inv├ílida (HU-03) > debe rechazar prioridad num├⌐rica (1) con HTTP 400 9ms
#14 6.556      ΓåÆ expected 400 "Bad Request", got 500 "Internal Server Error"
#14 6.556    ├ù TC-016 ΓÇö Filtrar con prioridad inv├ílida (HU-03) > debe rechazar prioridad vac├¡a con HTTP 400 12ms
#14 6.556      ΓåÆ expected 400 "Bad Request", got 500 "Internal Server Error"
#14 6.556    ├ù TC-013 ΓÇö Filtrar por prioridad v├ílida (HU-03) > debe retornar solo tickets con prioridad HIGH y totalItems correcto 12ms
#14 6.556      ΓåÆ expected 200 "OK", got 500 "Internal Server Error"
#14 6.556    ├ù TC-013 ΓÇö Filtrar por prioridad v├ílida (HU-03) > debe retornar solo tickets con prioridad PENDING y totalItems correcto 9ms
#14 6.556      ΓåÆ expected 200 "OK", got 500 "Internal Server Error"
#14 6.556    ├ù TC-013 ΓÇö Filtrar por prioridad v├ílida (HU-03) > debe retornar solo tickets con prioridad MEDIUM y totalItems correcto 23ms
#14 6.556      ΓåÆ expected 200 "OK", got 500 "Internal Server Error"
#14 6.556    ├ù TC-013 ΓÇö Filtrar por prioridad v├ílida (HU-03) > debe retornar solo tickets con prioridad LOW y totalItems correcto 31ms
#14 6.556      ΓåÆ expected 200 "OK", got 500 "Internal Server Error"
#14 6.556    ├ù TC-015 ΓÇö Combinar filtro de prioridad con otros filtros (HU-03) > debe retornar solo tickets con priority HIGH y status IN_PROGRESS 9ms
#14 6.556      ΓåÆ expected 200 "OK", got 500 "Internal Server Error"
#14 6.556    ├ù TC-015 ΓÇö Combinar filtro de prioridad con otros filtros (HU-03) > debe retornar solo tickets con priority HIGH y type NO_SERVICE 11ms
#14 6.556      ΓåÆ expected 200 "OK", got 500 "Internal Server Error"
#14 6.556    ├ù TC-015 ΓÇö Combinar filtro de prioridad con otros filtros (HU-03) > debe retornar solo tickets con priority MEDIUM y status IN_PROGRESS 17ms
#14 6.556      ΓåÆ expected 200 "OK", got 500 "Internal Server Error"
#14 6.556    ├ù TC-015 ΓÇö Combinar filtro de prioridad con otros filtros (HU-03) > debe retornar todos los tickets si no hay filtros 13ms
#14 6.556      ΓåÆ expected 200 "OK", got 500 "Internal Server Error"
#14 6.654  Γ£ô src/__tests__/HU-07.test.ts (19 tests) 33ms
#14 7.798  Γ¥» tests/HU-02.test.ts (7 tests | 7 failed) 119ms
#14 7.798    ├ù HU-02 - Filtro por estado > TC-008 - Un solo estado v├ílido > Given existen tickets con diferentes estados, When se solicita "RECEIVED", Then solo retorna tickets "RECEIVED" 69ms
#14 7.799      ΓåÆ expected 404 to be 200 // Object.is equality
#14 7.799    ├ù HU-02 - Filtro por estado > TC-008 - Un solo estado v├ílido > When se solicita "IN_PROGRESS", Then solo retorna tickets "IN_PROGRESS" 7ms
#14 7.799      ΓåÆ expected 404 to be 200 // Object.is equality
#14 7.799    ├ù HU-02 - Filtro por estado > TC-009 - M├║ltiples estados > Given existen tickets "RECEIVED" e "IN_PROGRESS", When se solicitan ambos, Then retorna la uni├│n 8ms
#14 7.799      ΓåÆ expected 404 to be 200 // Object.is equality
#14 7.799    ├ù HU-02 - Filtro por estado > TC-010 - Combinaci├│n con otros filtros > Given tickets variados, When se solicita "IN_PROGRESS" y prioridad "HIGH", Then aplica intersecci├│n 7ms
#14 7.799      ΓåÆ expected 404 to be 200 // Object.is equality
#14 7.799    ├ù HU-02 - Filtro por estado > TC-011 - Estado inv├ílido > When se solicita un estado inexistente "CLOSED", Then responde HTTP 400 7ms
#14 7.799      ΓåÆ expected 404 to be 400 // Object.is equality
#14 7.799    ├ù HU-02 - Filtro por estado > TC-011 - Estado inv├ílido > When se solicita un estado en min├║sculas "received", Then responde HTTP 400 6ms
#14 7.799      ΓåÆ expected 404 to be 400 // Object.is equality
#14 7.799    ├ù HU-02 - Filtro por estado > TC-012 - Sin resultados > Given no existen tickets IN_PROGRESS con prioridad HIGH, When se solicita ambos, Then retorna data vac├¡a 11ms
#14 7.799      ΓåÆ expected 404 to be 200 // Object.is equality
#14 7.845 stderr | tests/HU-05.test.ts > HU-05 - Filtro por rango de fechas > TC-022 - Query Service + Frontend - Filtrar por rango de fechas v├ílido > debe filtrar correctamente los tickets dentro de un rango de fechas v├ílido
#14 7.845 Error fetching tickets from database: AggregateError: 
#14 7.845     at /app/node_modules/pg-pool/index.js:45:11
#14 7.845     at processTicksAndRejections (node:internal/process/task_queues:95:5)
#14 7.845     at async Promise.all (index 0)
#14 7.845     at TicketRepository.findAll (/app/src/repositories/TicketRepository.ts:69:47)
#14 7.845     at TicketsController.getTickets (/app/src/controllers/ticketsController.ts:20:22) {
#14 7.845   code: 'ECONNREFUSED',
#14 7.845   [errors]: [
#14 7.845     Error: connect ECONNREFUSED ::1:5432
#14 7.845         at createConnectionError (node:net:1652:14)
#14 7.845         at afterConnectMultiple (node:net:1682:16) {
#14 7.845       errno: -111,
#14 7.845       code: 'ECONNREFUSED',
#14 7.845       syscall: 'connect',
#14 7.845       address: '::1',
#14 7.845       port: 5432
#14 7.845     },
#14 7.845     Error: connect ECONNREFUSED 127.0.0.1:5432
#14 7.845         at createConnectionError (node:net:1652:14)
#14 7.845         at afterConnectMultiple (node:net:1682:16) {
#14 7.845       errno: -111,
#14 7.845       code: 'ECONNREFUSED',
#14 7.845       syscall: 'connect',
#14 7.845       address: '127.0.0.1',
#14 7.845       port: 5432
#14 7.845     }
#14 7.845   ]
#14 7.845 }
#14 7.845 
#14 7.883 stderr | tests/HU-05.test.ts > HU-05 - Filtro por rango de fechas > TC-023 - Query Service + Frontend - Validar que fecha fin sea mayor o igual a fecha inicio > debe rechazar un rango de fechas invertido con HTTP 400
#14 7.883 Error fetching tickets from database: AggregateError: 
#14 7.883     at /app/node_modules/pg-pool/index.js:45:11
#14 7.883     at processTicksAndRejections (node:internal/process/task_queues:95:5)
#14 7.883     at async Promise.all (index 0)
#14 7.883     at TicketRepository.findAll (/app/src/repositories/TicketRepository.ts:69:47)
#14 7.883     at TicketsController.getTickets (/app/src/controllers/ticketsController.ts:20:22) {
#14 7.883   code: 'ECONNREFUSED',
#14 7.883   [errors]: [
#14 7.883     Error: connect ECONNREFUSED ::1:5432
#14 7.883         at createConnectionError (node:net:1652:14)
#14 7.883         at afterConnectMultiple (node:net:1682:16) {
#14 7.883       errno: -111,
#14 7.883       code: 'ECONNREFUSED',
#14 7.883       syscall: 'connect',
#14 7.883       address: '::1',
#14 7.883       port: 5432
#14 7.883     },
#14 7.883     Error: connect ECONNREFUSED 127.0.0.1:5432
#14 7.883         at createConnectionError (node:net:1652:14)
#14 7.883         at afterConnectMultiple (node:net:1682:16) {
#14 7.883       errno: -111,
#14 7.883       code: 'ECONNREFUSED',
#14 7.883       syscall: 'connect',
#14 7.883       address: '127.0.0.1',
#14 7.883       port: 5432
#14 7.883     }
#14 7.883   ]
#14 7.883 }
#14 7.883 
#14 7.898 stderr | tests/HU-05.test.ts > HU-05 - Filtro por rango de fechas > TC-024 - Query Service + Frontend - Rango de fechas sin resultados coincidentes > debe retornar una lista vac├¡a si no hay resultados en el rango
#14 7.898 Error fetching tickets from database: AggregateError: 
#14 7.898     at /app/node_modules/pg-pool/index.js:45:11
#14 7.898     at processTicksAndRejections (node:internal/process/task_queues:95:5)
#14 7.898     at async Promise.all (index 0)
#14 7.898     at TicketRepository.findAll (/app/src/repositories/TicketRepository.ts:69:47)
#14 7.898     at TicketsController.getTickets (/app/src/controllers/ticketsController.ts:20:22) {
#14 7.898   code: 'ECONNREFUSED',
#14 7.898   [errors]: [
#14 7.898     Error: connect ECONNREFUSED ::1:5432
#14 7.898         at createConnectionError (node:net:1652:14)
#14 7.898         at afterConnectMultiple (node:net:1682:16) {
#14 7.898       errno: -111,
#14 7.898       code: 'ECONNREFUSED',
#14 7.898       syscall: 'connect',
#14 7.898       address: '::1',
#14 7.898       port: 5432
#14 7.898     },
#14 7.898     Error: connect ECONNREFUSED 127.0.0.1:5432
#14 7.898         at createConnectionError (node:net:1652:14)
#14 7.898         at afterConnectMultiple (node:net:1682:16) {
#14 7.898       errno: -111,
#14 7.898       code: 'ECONNREFUSED',
#14 7.898       syscall: 'connect',
#14 7.898       address: '127.0.0.1',
#14 7.898       port: 5432
#14 7.898     }
#14 7.898   ]
#14 7.898 }
#14 7.898 
#14 7.917 stderr | tests/HU-05.test.ts > HU-05 - Filtro por rango de fechas > TC-025 - Query Service + Frontend - Filtrar con solo fecha inicio (sin fecha fin) > debe filtrar correctamente usando solo dateFrom
#14 7.917 Error fetching tickets from database: AggregateError: 
#14 7.917     at /app/node_modules/pg-pool/index.js:45:11
#14 7.917     at processTicksAndRejections (node:internal/process/task_queues:95:5)
#14 7.917     at async Promise.all (index 0)
#14 7.917     at TicketRepository.findAll (/app/src/repositories/TicketRepository.ts:69:47)
#14 7.917     at TicketsController.getTickets (/app/src/controllers/ticketsController.ts:20:22) {
#14 7.917   code: 'ECONNREFUSED',
#14 7.917   [errors]: [
#14 7.917     Error: connect ECONNREFUSED ::1:5432
#14 7.917         at createConnectionError (node:net:1652:14)
#14 7.917         at afterConnectMultiple (node:net:1682:16) {
#14 7.917       errno: -111,
#14 7.917       code: 'ECONNREFUSED',
#14 7.917       syscall: 'connect',
#14 7.917       address: '::1',
#14 7.917       port: 5432
#14 7.917     },
#14 7.917     Error: connect ECONNREFUSED 127.0.0.1:5432
#14 7.917         at createConnectionError (node:net:1652:14)
#14 7.917         at afterConnectMultiple (node:net:1682:16) {
#14 7.917       errno: -111,
#14 7.917       code: 'ECONNREFUSED',
#14 7.917       syscall: 'connect',
#14 7.917       address: '127.0.0.1',
#14 7.917       port: 5432
#14 7.917     }
#14 7.917   ]
#14 7.917 }
#14 7.918 
#14 7.928 stderr | tests/HU-05.test.ts > HU-05 - Filtro por rango de fechas > TC-026 - Query Service + Frontend - Filtrar con solo fecha fin (sin fecha inicio) > debe filtrar correctamente usando solo dateTo
#14 7.928 Error fetching tickets from database: AggregateError: 
#14 7.928     at /app/node_modules/pg-pool/index.js:45:11
#14 7.928     at processTicksAndRejections (node:internal/process/task_queues:95:5)
#14 7.928     at async Promise.all (index 0)
#14 7.928     at TicketRepository.findAll (/app/src/repositories/TicketRepository.ts:69:47)
#14 7.928     at TicketsController.getTickets (/app/src/controllers/ticketsController.ts:20:22) {
#14 7.928   code: 'ECONNREFUSED',
#14 7.928   [errors]: [
#14 7.928     Error: connect ECONNREFUSED ::1:5432
#14 7.928         at createConnectionError (node:net:1652:14)
#14 7.928         at afterConnectMultiple (node:net:1682:16) {
#14 7.928       errno: -111,
#14 7.928       code: 'ECONNREFUSED',
#14 7.928       syscall: 'connect',
#14 7.928       address: '::1',
#14 7.928       port: 5432
#14 7.928     },
#14 7.928     Error: connect ECONNREFUSED 127.0.0.1:5432
#14 7.928         at createConnectionError (node:net:1652:14)
#14 7.928         at afterConnectMultiple (node:net:1682:16) {
#14 7.928       errno: -111,
#14 7.928       code: 'ECONNREFUSED',
#14 7.928       syscall: 'connect',
#14 7.928       address: '127.0.0.1',
#14 7.928       port: 5432
#14 7.928     }
#14 7.928   ]
#14 7.928 }
#14 7.928 
#14 7.944 stderr | tests/HU-05.test.ts > HU-05 - Filtro por rango de fechas > TC-027 - Query Service + Frontend - Fechas con formato inv├ílido > debe rechazar formatos de fecha inv├ílidos con HTTP 400
#14 7.944 Error fetching tickets from database: AggregateError: 
#14 7.944     at /app/node_modules/pg-pool/index.js:45:11
#14 7.944     at processTicksAndRejections (node:internal/process/task_queues:95:5)
#14 7.944     at async Promise.all (index 0)
#14 7.944     at TicketRepository.findAll (/app/src/repositories/TicketRepository.ts:69:47)
#14 7.944     at TicketsController.getTickets (/app/src/controllers/ticketsController.ts:20:22) {
#14 7.944   code: 'ECONNREFUSED',
#14 7.944   [errors]: [
#14 7.944     Error: connect ECONNREFUSED ::1:5432
#14 7.944         at createConnectionError (node:net:1652:14)
#14 7.944         at afterConnectMultiple (node:net:1682:16) {
#14 7.944       errno: -111,
#14 7.944       code: 'ECONNREFUSED',
#14 7.944       syscall: 'connect',
#14 7.944       address: '::1',
#14 7.944       port: 5432
#14 7.944     },
#14 7.944     Error: connect ECONNREFUSED 127.0.0.1:5432
#14 7.944         at createConnectionError (node:net:1652:14)
#14 7.944         at afterConnectMultiple (node:net:1682:16) {
#14 7.944       errno: -111,
#14 7.944       code: 'ECONNREFUSED',
#14 7.944       syscall: 'connect',
#14 7.944       address: '127.0.0.1',
#14 7.944       port: 5432
#14 7.944     }
#14 7.944   ]
#14 7.944 }
#14 7.944 
#14 7.955 stderr | tests/HU-05.test.ts > HU-05 - Filtro por rango de fechas > TC-027 - Query Service + Frontend - Fechas con formato inv├ílido > debe rechazar valores que no son fechas con HTTP 400
#14 7.955 Error fetching tickets from database: AggregateError: 
#14 7.955     at /app/node_modules/pg-pool/index.js:45:11
#14 7.955     at processTicksAndRejections (node:internal/process/task_queues:95:5)
#14 7.955     at async Promise.all (index 1)
#14 7.955     at TicketRepository.findAll (/app/src/repositories/TicketRepository.ts:69:47)
#14 7.955     at TicketsController.getTickets (/app/src/controllers/ticketsController.ts:20:22) {
#14 7.955   code: 'ECONNREFUSED',
#14 7.955   [errors]: [
#14 7.955     Error: connect ECONNREFUSED ::1:5432
#14 7.955         at createConnectionError (node:net:1652:14)
#14 7.955         at afterConnectMultiple (node:net:1682:16) {
#14 7.955       errno: -111,
#14 7.955       code: 'ECONNREFUSED',
#14 7.955       syscall: 'connect',
#14 7.955       address: '::1',
#14 7.955       port: 5432
#14 7.955     },
#14 7.955     Error: connect ECONNREFUSED 127.0.0.1:5432
#14 7.955         at createConnectionError (node:net:1652:14)
#14 7.955         at afterConnectMultiple (node:net:1682:16) {
#14 7.955       errno: -111,
#14 7.955       code: 'ECONNREFUSED',
#14 7.955       syscall: 'connect',
#14 7.955       address: '127.0.0.1',
#14 7.955       port: 5432
#14 7.955     }
#14 7.955   ]
#14 7.955 }
#14 7.955 
#14 8.023  Γ¥» tests/HU-05.test.ts (7 tests | 7 failed) 224ms
#14 8.025    ├ù HU-05 - Filtro por rango de fechas > TC-022 - Query Service + Frontend - Filtrar por rango de fechas v├ílido > debe filtrar correctamente los tickets dentro de un rango de fechas v├ílido 134ms
#14 8.025      ΓåÆ expected 500 to be 200 // Object.is equality
#14 8.025    ├ù HU-05 - Filtro por rango de fechas > TC-023 - Query Service + Frontend - Validar que fecha fin sea mayor o igual a fecha inicio > debe rechazar un rango de fechas invertido con HTTP 400 13ms
#14 8.025      ΓåÆ expected 500 to be 400 // Object.is equality
#14 8.025    ├ù HU-05 - Filtro por rango de fechas > TC-024 - Query Service + Frontend - Rango de fechas sin resultados coincidentes > debe retornar una lista vac├¡a si no hay resultados en el rango 15ms
#14 8.025      ΓåÆ expected 500 to be 200 // Object.is equality
#14 8.025    ├ù HU-05 - Filtro por rango de fechas > TC-025 - Query Service + Frontend - Filtrar con solo fecha inicio (sin fecha fin) > debe filtrar correctamente usando solo dateFrom 15ms
#14 8.025      ΓåÆ expected 500 to be 200 // Object.is equality
#14 8.025    ├ù HU-05 - Filtro por rango de fechas > TC-026 - Query Service + Frontend - Filtrar con solo fecha fin (sin fecha inicio) > debe filtrar correctamente usando solo dateTo 14ms
#14 8.025      ΓåÆ expected 500 to be 200 // Object.is equality
#14 8.025    ├ù HU-05 - Filtro por rango de fechas > TC-027 - Query Service + Frontend - Fechas con formato inv├ílido > debe rechazar formatos de fecha inv├ílidos con HTTP 400 16ms
#14 8.025      ΓåÆ expected 500 to be 400 // Object.is equality
#14 8.025    ├ù HU-05 - Filtro por rango de fechas > TC-027 - Query Service + Frontend - Fechas con formato inv├ílido > debe rechazar valores que no son fechas con HTTP 400 11ms
#14 8.025      ΓåÆ expected 500 to be 400 // Object.is equality
#14 8.933 stderr | src/__tests__/HU-04.test.ts > HU-04 - Filtro por tipo de incidente (Query Service) > TC-018 - Filtrar por tipo de incidente v├ílido > debe retornar solo tickets del tipo solicitado (NO_SERVICE)
#14 8.933 Error fetching tickets from database: AggregateError: 
#14 8.933     at /app/node_modules/pg-pool/index.js:45:11
#14 8.933     at processTicksAndRejections (node:internal/process/task_queues:95:5)
#14 8.933     at async Promise.all (index 0)
#14 8.933     at TicketRepository.findAll (/app/src/repositories/TicketRepository.ts:69:47)
#14 8.933     at TicketsController.getTickets (/app/src/controllers/ticketsController.ts:20:22) {
#14 8.933   code: 'ECONNREFUSED',
#14 8.933   [errors]: [
#14 8.933     Error: connect ECONNREFUSED ::1:5432
#14 8.933         at createConnectionError (node:net:1652:14)
#14 8.933         at afterConnectMultiple (node:net:1682:16) {
#14 8.933       errno: -111,
#14 8.933       code: 'ECONNREFUSED',
#14 8.933       syscall: 'connect',
#14 8.933       address: '::1',
#14 8.933       port: 5432
#14 8.933     },
#14 8.933     Error: connect ECONNREFUSED 127.0.0.1:5432
#14 8.933         at createConnectionError (node:net:1652:14)
#14 8.933         at afterConnectMultiple (node:net:1682:16) {
#14 8.933       errno: -111,
#14 8.933       code: 'ECONNREFUSED',
#14 8.933       syscall: 'connect',
#14 8.933       address: '127.0.0.1',
#14 8.933       port: 5432
#14 8.933     }
#14 8.933   ]
#14 8.933 }
#14 8.933 
#14 8.956 stderr | src/__tests__/HU-04.test.ts > HU-04 - Filtro por tipo de incidente (Query Service) > TC-018 - Filtrar por tipo de incidente v├ílido > debe retornar solo tickets del tipo solicitado (OTHER)
#14 8.956 Error fetching tickets from database: AggregateError: 
#14 8.956     at /app/node_modules/pg-pool/index.js:45:11
#14 8.956     at processTicksAndRejections (node:internal/process/task_queues:95:5)
#14 8.956     at async Promise.all (index 0)
#14 8.956     at TicketRepository.findAll (/app/src/repositories/TicketRepository.ts:69:47)
#14 8.956     at TicketsController.getTickets (/app/src/controllers/ticketsController.ts:20:22) {
#14 8.956   code: 'ECONNREFUSED',
#14 8.956   [errors]: [
#14 8.956     Error: connect ECONNREFUSED ::1:5432
#14 8.956         at createConnectionError (node:net:1652:14)
#14 8.956         at afterConnectMultiple (node:net:1682:16) {
#14 8.956       errno: -111,
#14 8.956       code: 'ECONNREFUSED',
#14 8.956       syscall: 'connect',
#14 8.956       address: '::1',
#14 8.956       port: 5432
#14 8.956     },
#14 8.956     Error: connect ECONNREFUSED 127.0.0.1:5432
#14 8.956         at createConnectionError (node:net:1652:14)
#14 8.956         at afterConnectMultiple (node:net:1682:16) {
#14 8.956       errno: -111,
#14 8.956       code: 'ECONNREFUSED',
#14 8.956       syscall: 'connect',
#14 8.956       address: '127.0.0.1',
#14 8.956       port: 5432
#14 8.956     }
#14 8.956   ]
#14 8.956 }
#14 8.957 
#14 8.968 stderr | src/__tests__/HU-04.test.ts > HU-04 - Filtro por tipo de incidente (Query Service) > TC-020 - Combinar filtro de tipo con estado y prioridad > debe retornar la intersecci├│n de los tres filtros (AND)
#14 8.968 Error fetching tickets from database: AggregateError: 
#14 8.968     at /app/node_modules/pg-pool/index.js:45:11
#14 8.968     at processTicksAndRejections (node:internal/process/task_queues:95:5)
#14 8.968     at async Promise.all (index 0)
#14 8.968     at TicketRepository.findAll (/app/src/repositories/TicketRepository.ts:69:47)
#14 8.968     at TicketsController.getTickets (/app/src/controllers/ticketsController.ts:20:22) {
#14 8.968   code: 'ECONNREFUSED',
#14 8.968   [errors]: [
#14 8.968     Error: connect ECONNREFUSED ::1:5432
#14 8.968         at createConnectionError (node:net:1652:14)
#14 8.968         at afterConnectMultiple (node:net:1682:16) {
#14 8.968       errno: -111,
#14 8.968       code: 'ECONNREFUSED',
#14 8.968       syscall: 'connect',
#14 8.968       address: '::1',
#14 8.968       port: 5432
#14 8.968     },
#14 8.968     Error: connect ECONNREFUSED 127.0.0.1:5432
#14 8.968         at createConnectionError (node:net:1652:14)
#14 8.968         at afterConnectMultiple (node:net:1682:16) {
#14 8.968       errno: -111,
#14 8.968       code: 'ECONNREFUSED',
#14 8.968       syscall: 'connect',
#14 8.968       address: '127.0.0.1',
#14 8.968       port: 5432
#14 8.968     }
#14 8.968   ]
#14 8.968 }
#14 8.973 
#14 8.980 stderr | src/__tests__/HU-04.test.ts > HU-04 - Filtro por tipo de incidente (Query Service) > TC-020 - Combinar filtro de tipo con estado y prioridad > debe retornar resultados consistentes con la tabla de decisi├│n (solo tipo)
#14 8.980 Error fetching tickets from database: AggregateError: 
#14 8.980     at /app/node_modules/pg-pool/index.js:45:11
#14 8.980     at processTicksAndRejections (node:internal/process/task_queues:95:5)
#14 8.980     at async Promise.all (index 1)
#14 8.980     at TicketRepository.findAll (/app/src/repositories/TicketRepository.ts:69:47)
#14 8.980     at TicketsController.getTickets (/app/src/controllers/ticketsController.ts:20:22) {
#14 8.980   code: 'ECONNREFUSED',
#14 8.980   [errors]: [
#14 8.980     Error: connect ECONNREFUSED ::1:5432
#14 8.980         at createConnectionError (node:net:1652:14)
#14 8.980         at afterConnectMultiple (node:net:1682:16) {
#14 8.980       errno: -111,
#14 8.980       code: 'ECONNREFUSED',
#14 8.980       syscall: 'connect',
#14 8.980       address: '::1',
#14 8.980       port: 5432
#14 8.980     },
#14 8.980     Error: connect ECONNREFUSED 127.0.0.1:5432
#14 8.980         at createConnectionError (node:net:1652:14)
#14 8.980         at afterConnectMultiple (node:net:1682:16) {
#14 8.980       errno: -111,
#14 8.980       code: 'ECONNREFUSED',
#14 8.980       syscall: 'connect',
#14 8.980       address: '127.0.0.1',
#14 8.980       port: 5432
#14 8.980     }
#14 8.980   ]
#14 8.980 }
#14 8.980 
#14 8.990 stderr | src/__tests__/HU-04.test.ts > HU-04 - Filtro por tipo de incidente (Query Service) > TC-021 - Filtrar con tipo de incidente inv├ílido > debe retornar 400 cuando el tipo no existe en el dominio
#14 8.990 Error fetching tickets from database: AggregateError: 
#14 8.990     at /app/node_modules/pg-pool/index.js:45:11
#14 8.990     at processTicksAndRejections (node:internal/process/task_queues:95:5)
#14 8.990     at async Promise.all (index 0)
#14 8.990     at TicketRepository.findAll (/app/src/repositories/TicketRepository.ts:69:47)
#14 8.990     at TicketsController.getTickets (/app/src/controllers/ticketsController.ts:20:22) {
#14 8.990   code: 'ECONNREFUSED',
#14 8.990   [errors]: [
#14 8.990     Error: connect ECONNREFUSED ::1:5432
#14 8.990         at createConnectionError (node:net:1652:14)
#14 8.990         at afterConnectMultiple (node:net:1682:16) {
#14 8.990       errno: -111,
#14 8.990       code: 'ECONNREFUSED',
#14 8.990       syscall: 'connect',
#14 8.990       address: '::1',
#14 8.990       port: 5432
#14 8.990     },
#14 8.990     Error: connect ECONNREFUSED 127.0.0.1:5432
#14 8.990         at createConnectionError (node:net:1652:14)
#14 8.990         at afterConnectMultiple (node:net:1682:16) {
#14 8.990       errno: -111,
#14 8.990       code: 'ECONNREFUSED',
#14 8.990       syscall: 'connect',
#14 8.990       address: '127.0.0.1',
#14 8.990       port: 5432
#14 8.990     }
#14 8.990   ]
#14 8.990 }
#14 8.990 
#14 9.001 stderr | src/__tests__/HU-04.test.ts > HU-04 - Filtro por tipo de incidente (Query Service) > TC-021 - Filtrar con tipo de incidente inv├ílido > debe retornar 400 cuando el valor es num├⌐rico
#14 9.001 Error fetching tickets from database: AggregateError: 
#14 9.001     at /app/node_modules/pg-pool/index.js:45:11
#14 9.001     at processTicksAndRejections (node:internal/process/task_queues:95:5)
#14 9.001     at async Promise.all (index 1)
#14 9.001     at TicketRepository.findAll (/app/src/repositories/TicketRepository.ts:69:47)
#14 9.001     at TicketsController.getTickets (/app/src/controllers/ticketsController.ts:20:22) {
#14 9.001   code: 'ECONNREFUSED',
#14 9.001   [errors]: [
#14 9.001     Error: connect ECONNREFUSED ::1:5432
#14 9.001         at createConnectionError (node:net:1652:14)
#14 9.001         at afterConnectMultiple (node:net:1682:16) {
#14 9.001       errno: -111,
#14 9.001       code: 'ECONNREFUSED',
#14 9.001       syscall: 'connect',
#14 9.001       address: '::1',
#14 9.001       port: 5432
#14 9.001     },
#14 9.001     Error: connect ECONNREFUSED 127.0.0.1:5432
#14 9.001         at createConnectionError (node:net:1652:14)
#14 9.001         at afterConnectMultiple (node:net:1682:16) {
#14 9.001       errno: -111,
#14 9.001       code: 'ECONNREFUSED',
#14 9.001       syscall: 'connect',
#14 9.001       address: '127.0.0.1',
#14 9.001       port: 5432
#14 9.001     }
#14 9.001   ]
#14 9.001 }
#14 9.001 
#14 9.011 stderr | src/__tests__/HU-04.test.ts > HU-04 - Filtro por tipo de incidente (Query Service) > TC-021 - Filtrar con tipo de incidente inv├ílido > debe ser sensible a may├║sculas seg├║n contrato (no_service es inv├ílido)
#14 9.011 Error fetching tickets from database: AggregateError: 
#14 9.011     at /app/node_modules/pg-pool/index.js:45:11
#14 9.011     at processTicksAndRejections (node:internal/process/task_queues:95:5)
#14 9.011     at async Promise.all (index 1)
#14 9.011     at TicketRepository.findAll (/app/src/repositories/TicketRepository.ts:69:47)
#14 9.011     at TicketsController.getTickets (/app/src/controllers/ticketsController.ts:20:22) {
#14 9.011   code: 'ECONNREFUSED',
#14 9.011   [errors]: [
#14 9.011     Error: connect ECONNREFUSED ::1:5432
#14 9.011         at createConnectionError (node:net:1652:14)
#14 9.011         at afterConnectMultiple (node:net:1682:16) {
#14 9.011       errno: -111,
#14 9.011       code: 'ECONNREFUSED',
#14 9.011       syscall: 'connect',
#14 9.011       address: '::1',
#14 9.011       port: 5432
#14 9.011     },
#14 9.011     Error: connect ECONNREFUSED 127.0.0.1:5432
#14 9.011         at createConnectionError (node:net:1652:14)
#14 9.011         at afterConnectMultiple (node:net:1682:16) {
#14 9.011       errno: -111,
#14 9.011       code: 'ECONNREFUSED',
#14 9.011       syscall: 'connect',
#14 9.011       address: '127.0.0.1',
#14 9.011       port: 5432
#14 9.011     }
#14 9.011   ]
#14 9.011 }
#14 9.011 
#14 9.086  Γ¥» src/__tests__/HU-04.test.ts (7 tests | 7 failed) 188ms
#14 9.090    ├ù HU-04 - Filtro por tipo de incidente (Query Service) > TC-018 - Filtrar por tipo de incidente v├ílido > debe retornar solo tickets del tipo solicitado (NO_SERVICE) 117ms
#14 9.090      ΓåÆ expected 200 "OK", got 500 "Internal Server Error"
#14 9.090    ├ù HU-04 - Filtro por tipo de incidente (Query Service) > TC-018 - Filtrar por tipo de incidente v├ílido > debe retornar solo tickets del tipo solicitado (OTHER) 17ms
#14 9.090      ΓåÆ expected 200 "OK", got 500 "Internal Server Error"
#14 9.090    ├ù HU-04 - Filtro por tipo de incidente (Query Service) > TC-020 - Combinar filtro de tipo con estado y prioridad > debe retornar la intersecci├│n de los tres filtros (AND) 10ms
#14 9.090      ΓåÆ expected 200 "OK", got 500 "Internal Server Error"
#14 9.090    ├ù HU-04 - Filtro por tipo de incidente (Query Service) > TC-020 - Combinar filtro de tipo con estado y prioridad > debe retornar resultados consistentes con la tabla de decisi├│n (solo tipo) 10ms
#14 9.090      ΓåÆ expected 200 "OK", got 500 "Internal Server Error"
#14 9.090    ├ù HU-04 - Filtro por tipo de incidente (Query Service) > TC-021 - Filtrar con tipo de incidente inv├ílido > debe retornar 400 cuando el tipo no existe en el dominio 11ms
#14 9.090      ΓåÆ expected 400 "Bad Request", got 500 "Internal Server Error"
#14 9.090    ├ù HU-04 - Filtro por tipo de incidente (Query Service) > TC-021 - Filtrar con tipo de incidente inv├ílido > debe retornar 400 cuando el valor es num├⌐rico 10ms
#14 9.090      ΓåÆ expected 400 "Bad Request", got 500 "Internal Server Error"
#14 9.090    ├ù HU-04 - Filtro por tipo de incidente (Query Service) > TC-021 - Filtrar con tipo de incidente inv├ílido > debe ser sensible a may├║sculas seg├║n contrato (no_service es inv├ílido) 10ms
#14 9.090      ΓåÆ expected 400 "Bad Request", got 500 "Internal Server Error"
#14 9.136 stderr | tests/HU-08.test.ts > HU-08 ΓÇö Ordenamiento de resultados > TC-035: debe ordenar los tickets por fecha ascendente (m├ís antiguo primero)
#14 9.136 Error fetching tickets from database: AggregateError: 
#14 9.136     at /app/node_modules/pg-pool/index.js:45:11
#14 9.136     at processTicksAndRejections (node:internal/process/task_queues:95:5)
#14 9.136     at async Promise.all (index 0)
#14 9.136     at TicketRepository.findAll (/app/src/repositories/TicketRepository.ts:69:47)
#14 9.136     at TicketsController.getTickets (/app/src/controllers/ticketsController.ts:20:22) {
#14 9.136   code: 'ECONNREFUSED',
#14 9.136   [errors]: [
#14 9.136     Error: connect ECONNREFUSED ::1:5432
#14 9.136         at createConnectionError (node:net:1652:14)
#14 9.136         at afterConnectMultiple (node:net:1682:16) {
#14 9.136       errno: -111,
#14 9.136       code: 'ECONNREFUSED',
#14 9.136       syscall: 'connect',
#14 9.136       address: '::1',
#14 9.136       port: 5432
#14 9.136     },
#14 9.136     Error: connect ECONNREFUSED 127.0.0.1:5432
#14 9.136         at createConnectionError (node:net:1652:14)
#14 9.136         at afterConnectMultiple (node:net:1682:16) {
#14 9.136       errno: -111,
#14 9.136       code: 'ECONNREFUSED',
#14 9.136       syscall: 'connect',
#14 9.136       address: '127.0.0.1',
#14 9.136       port: 5432
#14 9.136     }
#14 9.136   ]
#14 9.136 }
#14 9.136 
#14 9.153 stderr | tests/HU-08.test.ts > HU-08 ΓÇö Ordenamiento de resultados > TC-036: debe ordenar los tickets por fecha descendente (m├ís reciente primero)
#14 9.153 Error fetching tickets from database: AggregateError: 
#14 9.153     at /app/node_modules/pg-pool/index.js:45:11
#14 9.153     at processTicksAndRejections (node:internal/process/task_queues:95:5)
#14 9.153     at async Promise.all (index 1)
#14 9.153     at TicketRepository.findAll (/app/src/repositories/TicketRepository.ts:69:47)
#14 9.153     at TicketsController.getTickets (/app/src/controllers/ticketsController.ts:20:22) {
#14 9.153   code: 'ECONNREFUSED',
#14 9.153   [errors]: [
#14 9.153     Error: connect ECONNREFUSED ::1:5432
#14 9.153         at createConnectionError (node:net:1652:14)
#14 9.153         at afterConnectMultiple (node:net:1682:16) {
#14 9.153       errno: -111,
#14 9.153       code: 'ECONNREFUSED',
#14 9.153       syscall: 'connect',
#14 9.153       address: '::1',
#14 9.153       port: 5432
#14 9.153     },
#14 9.153     Error: connect ECONNREFUSED 127.0.0.1:5432
#14 9.153         at createConnectionError (node:net:1652:14)
#14 9.153         at afterConnectMultiple (node:net:1682:16) {
#14 9.153       errno: -111,
#14 9.153       code: 'ECONNREFUSED',
#14 9.153       syscall: 'connect',
#14 9.153       address: '127.0.0.1',
#14 9.153       port: 5432
#14 9.153     }
#14 9.153   ]
#14 9.153 }
#14 9.153 
#14 9.167 stderr | tests/HU-08.test.ts > HU-08 ΓÇö Ordenamiento de resultados > TC-037: debe ordenar los tickets por prioridad (HIGH > MEDIUM > LOW > PENDING)
#14 9.167 Error fetching tickets from database: AggregateError: 
#14 9.167     at /app/node_modules/pg-pool/index.js:45:11
#14 9.167     at processTicksAndRejections (node:internal/process/task_queues:95:5)
#14 9.167     at async Promise.all (index 0)
#14 9.167     at TicketRepository.findAll (/app/src/repositories/TicketRepository.ts:69:47)
#14 9.167     at TicketsController.getTickets (/app/src/controllers/ticketsController.ts:20:22) {
#14 9.167   code: 'ECONNREFUSED',
#14 9.167   [errors]: [
#14 9.167     Error: connect ECONNREFUSED ::1:5432
#14 9.167         at createConnectionError (node:net:1652:14)
#14 9.167         at afterConnectMultiple (node:net:1682:16) {
#14 9.167       errno: -111,
#14 9.167       code: 'ECONNREFUSED',
#14 9.167       syscall: 'connect',
#14 9.167       address: '::1',
#14 9.167       port: 5432
#14 9.167     },
#14 9.167     Error: connect ECONNREFUSED 127.0.0.1:5432
#14 9.167         at createConnectionError (node:net:1652:14)
#14 9.167         at afterConnectMultiple (node:net:1682:16) {
#14 9.167       errno: -111,
#14 9.167       code: 'ECONNREFUSED',
#14 9.167       syscall: 'connect',
#14 9.167       address: '127.0.0.1',
#14 9.167       port: 5432
#14 9.167     }
#14 9.167   ]
#14 9.167 }
#14 9.167 
#14 9.182 stderr | tests/HU-08.test.ts > HU-08 ΓÇö Ordenamiento de resultados > TC-038: debe ordenar los tickets por estado
#14 9.182 Error fetching tickets from database: AggregateError: 
#14 9.182     at /app/node_modules/pg-pool/index.js:45:11
#14 9.182     at processTicksAndRejections (node:internal/process/task_queues:95:5)
#14 9.182     at async Promise.all (index 0)
#14 9.182     at TicketRepository.findAll (/app/src/repositories/TicketRepository.ts:69:47)
#14 9.182     at TicketsController.getTickets (/app/src/controllers/ticketsController.ts:20:22) {
#14 9.182   code: 'ECONNREFUSED',
#14 9.182   [errors]: [
#14 9.182     Error: connect ECONNREFUSED ::1:5432
#14 9.182         at createConnectionError (node:net:1652:14)
#14 9.182         at afterConnectMultiple (node:net:1682:16) {
#14 9.182       errno: -111,
#14 9.182       code: 'ECONNREFUSED',
#14 9.182       syscall: 'connect',
#14 9.182       address: '::1',
#14 9.182       port: 5432
#14 9.182     },
#14 9.182     Error: connect ECONNREFUSED 127.0.0.1:5432
#14 9.182         at createConnectionError (node:net:1652:14)
#14 9.182         at afterConnectMultiple (node:net:1682:16) {
#14 9.182       errno: -111,
#14 9.182       code: 'ECONNREFUSED',
#14 9.182       syscall: 'connect',
#14 9.182       address: '127.0.0.1',
#14 9.182       port: 5432
#14 9.182     }
#14 9.182   ]
#14 9.182 }
#14 9.182 
#14 9.190 stderr | tests/HU-08.test.ts > HU-08 ΓÇö Ordenamiento de resultados > TC-039: debe rechazar campo de ordenamiento inv├ílido con HTTP 400
#14 9.190 Error fetching tickets from database: AggregateError: 
#14 9.190     at /app/node_modules/pg-pool/index.js:45:11
#14 9.190     at processTicksAndRejections (node:internal/process/task_queues:95:5)
#14 9.190     at async Promise.all (index 0)
#14 9.190     at TicketRepository.findAll (/app/src/repositories/TicketRepository.ts:69:47)
#14 9.190     at TicketsController.getTickets (/app/src/controllers/ticketsController.ts:20:22) {
#14 9.190   code: 'ECONNREFUSED',
#14 9.190   [errors]: [
#14 9.190     Error: connect ECONNREFUSED ::1:5432
#14 9.190         at createConnectionError (node:net:1652:14)
#14 9.190         at afterConnectMultiple (node:net:1682:16) {
#14 9.190       errno: -111,
#14 9.190       code: 'ECONNREFUSED',
#14 9.190       syscall: 'connect',
#14 9.190       address: '::1',
#14 9.190       port: 5432
#14 9.190     },
#14 9.190     Error: connect ECONNREFUSED 127.0.0.1:5432
#14 9.190         at createConnectionError (node:net:1652:14)
#14 9.190         at afterConnectMultiple (node:net:1682:16) {
#14 9.190       errno: -111,
#14 9.190       code: 'ECONNREFUSED',
#14 9.190       syscall: 'connect',
#14 9.190       address: '127.0.0.1',
#14 9.190       port: 5432
#14 9.190     }
#14 9.190   ]
#14 9.190 }
#14 9.190 
#14 9.263  Γ¥» tests/HU-08.test.ts (5 tests | 5 failed) 180ms
#14 9.265    ├ù HU-08 ΓÇö Ordenamiento de resultados > TC-035: debe ordenar los tickets por fecha ascendente (m├ís antiguo primero) 126ms
#14 9.265      ΓåÆ expected 200 "OK", got 500 "Internal Server Error"
#14 9.266    ├ù HU-08 ΓÇö Ordenamiento de resultados > TC-036: debe ordenar los tickets por fecha descendente (m├ís reciente primero) 13ms
#14 9.266      ΓåÆ expected 200 "OK", got 500 "Internal Server Error"
#14 9.266    ├ù HU-08 ΓÇö Ordenamiento de resultados > TC-037: debe ordenar los tickets por prioridad (HIGH > MEDIUM > LOW > PENDING) 11ms
#14 9.266      ΓåÆ expected 200 "OK", got 500 "Internal Server Error"
#14 9.266    ├ù HU-08 ΓÇö Ordenamiento de resultados > TC-038: debe ordenar los tickets por estado 11ms
#14 9.266      ΓåÆ expected 200 "OK", got 500 "Internal Server Error"
#14 9.266    ├ù HU-08 ΓÇö Ordenamiento de resultados > TC-039: debe rechazar campo de ordenamiento inv├ílido con HTTP 400 14ms
#14 9.266      ΓåÆ expected 400 "Bad Request", got 500 "Internal Server Error"
#14 9.617  Γ£ô src/__tests__/sanity.test.ts (1 test) 7ms
#14 10.21 
#14 10.21 ΓÄ»ΓÄ»ΓÄ»ΓÄ»ΓÄ»ΓÄ» Failed Tests 49 ΓÄ»ΓÄ»ΓÄ»ΓÄ»ΓÄ»ΓÄ»ΓÄ»
#14 10.21 
#14 10.21  FAIL  tests/HU-01.test.ts > TC-001 ΓÇö Listado paginado con tama├▒o por defecto (HU-01) > debe retornar 20 tickets y paginaci├│n correcta cuando no se especifica limit
#14 10.22 Error: expected 200 "OK", got 500 "Internal Server Error"
#14 10.22  Γ¥» tests/HU-01.test.ts:35:8
#14 10.27      33|     const res = await request(app)
#14 10.27      34|       .get('/api/tickets')
#14 10.27      35|       .expect(200);
#14 10.27        |        ^
#14 10.27      36| 
#14 10.27      37|     expect(Array.isArray(res.body.data)).toBe(true);
#14 10.27  Γ¥» Test._assertStatus node_modules/supertest/lib/test.js:309:14
#14 10.27  Γ¥» node_modules/supertest/lib/test.js:365:13
#14 10.27  Γ¥» Test._assertFunction node_modules/supertest/lib/test.js:342:13
#14 10.27  Γ¥» Test.assert node_modules/supertest/lib/test.js:195:23
#14 10.27  Γ¥» localAssert node_modules/supertest/lib/test.js:138:14
#14 10.27  Γ¥» Server.<anonymous> node_modules/supertest/lib/test.js:152:11
#14 10.27 
#14 10.27 ΓÄ»ΓÄ»ΓÄ»ΓÄ»ΓÄ»ΓÄ»ΓÄ»ΓÄ»ΓÄ»ΓÄ»ΓÄ»ΓÄ»ΓÄ»ΓÄ»ΓÄ»ΓÄ»ΓÄ»ΓÄ»ΓÄ»ΓÄ»ΓÄ»ΓÄ»ΓÄ»[1/49]ΓÄ»
#14 10.27 
#14 10.27  FAIL  tests/HU-01.test.ts > TC-002 ΓÇö Listado paginado con tama├▒o configurable (HU-01) > debe retornar 10 tickets y paginaci├│n correcta cuando limit=10
#14 10.27 Error: expected 200 "OK", got 500 "Internal Server Error"
#14 10.27  Γ¥» tests/HU-01.test.ts:73:8
#14 10.27      71|     const res = await request(app)
#14 10.27      72|       .get('/api/tickets?limit=10')
#14 10.27      73|       .expect(200);
#14 10.27        |        ^
#14 10.27      74| 
#14 10.27      75|     expect(Array.isArray(res.body.data)).toBe(true);
#14 10.27  Γ¥» Test._assertStatus node_modules/supertest/lib/test.js:309:14
#14 10.27  Γ¥» node_modules/supertest/lib/test.js:365:13
#14 10.27  Γ¥» Test._assertFunction node_modules/supertest/lib/test.js:342:13
#14 10.27  Γ¥» Test.assert node_modules/supertest/lib/test.js:195:23
#14 10.27  Γ¥» localAssert node_modules/supertest/lib/test.js:138:14
#14 10.27  Γ¥» Server.<anonymous> node_modules/supertest/lib/test.js:152:11
#14 10.27 
#14 10.27 ΓÄ»ΓÄ»ΓÄ»ΓÄ»ΓÄ»ΓÄ»ΓÄ»ΓÄ»ΓÄ»ΓÄ»ΓÄ»ΓÄ»ΓÄ»ΓÄ»ΓÄ»ΓÄ»ΓÄ»ΓÄ»ΓÄ»ΓÄ»ΓÄ»ΓÄ»ΓÄ»[2/49]ΓÄ»
#14 10.27 
#14 10.27  FAIL  tests/HU-01.test.ts > TC-003 ΓÇö Indicaci├│n de total de resultados y p├ígina actual (HU-01) > debe retornar la metadata correcta de paginaci├│n y 15 tickets en la p├ígina 3
#14 10.27 Error: expected 200 "OK", got 500 "Internal Server Error"
#14 10.27  Γ¥» tests/HU-01.test.ts:110:8
#14 10.27     108|     const res = await request(app)
#14 10.27     109|       .get('/api/tickets?page=3&limit=20')
#14 10.27     110|       .expect(200);
#14 10.27        |        ^
#14 10.27     111| 
#14 10.27     112|     expect(Array.isArray(res.body.data)).toBe(true);
#14 10.27  Γ¥» Test._assertStatus node_modules/supertest/lib/test.js:309:14
#14 10.27  Γ¥» node_modules/supertest/lib/test.js:365:13
#14 10.27  Γ¥» Test._assertFunction node_modules/supertest/lib/test.js:342:13
#14 10.27  Γ¥» Test.assert node_modules/supertest/lib/test.js:195:23
#14 10.27  Γ¥» localAssert node_modules/supertest/lib/test.js:138:14
#14 10.27  Γ¥» Server.<anonymous> node_modules/supertest/lib/test.js:152:11
#14 10.27 
#14 10.27 ΓÄ»ΓÄ»ΓÄ»ΓÄ»ΓÄ»ΓÄ»ΓÄ»ΓÄ»ΓÄ»ΓÄ»ΓÄ»ΓÄ»ΓÄ»ΓÄ»ΓÄ»ΓÄ»ΓÄ»ΓÄ»ΓÄ»ΓÄ»ΓÄ»ΓÄ»ΓÄ»[3/49]ΓÄ»
#14 10.27 
#14 10.27  FAIL  tests/HU-01.test.ts > TC-004 ΓÇö Ordenamiento consistente entre p├íginas (HU-01) > debe retornar los tickets ordenados ascendentemente por fecha de creaci├│n en ambas p├íginas
#14 10.27 Error: expected 200 "OK", got 500 "Internal Server Error"
#14 10.27  Γ¥» tests/HU-01.test.ts:148:8
#14 10.27     146|     const resPage1 = await request(app)
#14 10.27     147|       .get('/api/tickets?limit=20&sort=createdAt&order=asc')
#14 10.27     148|       .expect(200);
#14 10.27        |        ^
#14 10.27     149|     const resPage2 = await request(app)
#14 10.27     150|       .get('/api/tickets?page=2&limit=20&sort=createdAt&order=asc')
#14 10.27  Γ¥» Test._assertStatus node_modules/supertest/lib/test.js:309:14
#14 10.27  Γ¥» node_modules/supertest/lib/test.js:365:13
#14 10.27  Γ¥» Test._assertFunction node_modules/supertest/lib/test.js:342:13
#14 10.27  Γ¥» Test.assert node_modules/supertest/lib/test.js:195:23
#14 10.27  Γ¥» localAssert node_modules/supertest/lib/test.js:138:14
#14 10.27  Γ¥» Server.<anonymous> node_modules/supertest/lib/test.js:152:11
#14 10.27 
#14 10.27 ΓÄ»ΓÄ»ΓÄ»ΓÄ»ΓÄ»ΓÄ»ΓÄ»ΓÄ»ΓÄ»ΓÄ»ΓÄ»ΓÄ»ΓÄ»ΓÄ»ΓÄ»ΓÄ»ΓÄ»ΓÄ»ΓÄ»ΓÄ»ΓÄ»ΓÄ»ΓÄ»[4/49]ΓÄ»
#14 10.27 
#14 10.27  FAIL  tests/HU-01.test.ts > TC-005 ΓÇö Lista vac├¡a cuando no hay tickets (HU-01) > debe retornar un arreglo vac├¡o y paginaci├│n en cero cuando no hay tickets
#14 10.27 Error: expected 200 "OK", got 500 "Internal Server Error"
#14 10.27  Γ¥» tests/HU-01.test.ts:201:8
#14 10.28     199|     const res = await request(app)
#14 10.28     200|       .get('/api/tickets')
#14 10.28     201|       .expect(200);
#14 10.28        |        ^
#14 10.28     202| 
#14 10.28     203|     expect(Array.isArray(res.body.data)).toBe(true);
#14 10.28  Γ¥» Test._assertStatus node_modules/supertest/lib/test.js:309:14
#14 10.28  Γ¥» node_modules/supertest/lib/test.js:365:13
#14 10.28  Γ¥» Test._assertFunction node_modules/supertest/lib/test.js:342:13
#14 10.28  Γ¥» Test.assert node_modules/supertest/lib/test.js:195:23
#14 10.28  Γ¥» localAssert node_modules/supertest/lib/test.js:138:14
#14 10.28  Γ¥» Server.<anonymous> node_modules/supertest/lib/test.js:152:11
#14 10.28 
#14 10.28 ΓÄ»ΓÄ»ΓÄ»ΓÄ»ΓÄ»ΓÄ»ΓÄ»ΓÄ»ΓÄ»ΓÄ»ΓÄ»ΓÄ»ΓÄ»ΓÄ»ΓÄ»ΓÄ»ΓÄ»ΓÄ»ΓÄ»ΓÄ»ΓÄ»ΓÄ»ΓÄ»[5/49]ΓÄ»
#14 10.28 
#14 10.28  FAIL  tests/HU-01.test.ts > TC-006 ΓÇö Solicitar p├ígina fuera de rango (HU-01) > debe retornar un arreglo vac├¡o y la metadata correcta cuando se solicita una p├ígina fuera de rango
#14 10.28 Error: expected 200 "OK", got 500 "Internal Server Error"
#14 10.28  Γ¥» tests/HU-01.test.ts:238:8
#14 10.28     236|     const res = await request(app)
#14 10.28     237|       .get('/api/tickets?page=5&limit=10')
#14 10.28     238|       .expect(200);
#14 10.28        |        ^
#14 10.28     239| 
#14 10.28     240|     expect(Array.isArray(res.body.data)).toBe(true);
#14 10.28  Γ¥» Test._assertStatus node_modules/supertest/lib/test.js:309:14
#14 10.28  Γ¥» node_modules/supertest/lib/test.js:365:13
#14 10.28  Γ¥» Test._assertFunction node_modules/supertest/lib/test.js:342:13
#14 10.28  Γ¥» Test.assert node_modules/supertest/lib/test.js:195:23
#14 10.28  Γ¥» localAssert node_modules/supertest/lib/test.js:138:14
#14 10.28  Γ¥» Server.<anonymous> node_modules/supertest/lib/test.js:152:11
#14 10.28 
#14 10.28 ΓÄ»ΓÄ»ΓÄ»ΓÄ»ΓÄ»ΓÄ»ΓÄ»ΓÄ»ΓÄ»ΓÄ»ΓÄ»ΓÄ»ΓÄ»ΓÄ»ΓÄ»ΓÄ»ΓÄ»ΓÄ»ΓÄ»ΓÄ»ΓÄ»ΓÄ»ΓÄ»[6/49]ΓÄ»
#14 10.28 
#14 10.28  FAIL  tests/HU-01.test.ts > TC-007 ΓÇö Tama├▒o de p├ígina con valores inv├ílidos (HU-01) > debe retornar 400 y mensaje de error para limit=0
#14 10.28 AssertionError: expected 500 to be 400 // Object.is equality
#14 10.28 
#14 10.28 - Expected
#14 10.28 + Received
#14 10.28 
#14 10.28 - 400
#14 10.28 + 500
#14 10.28 
#14 10.28  Γ¥» tests/HU-01.test.ts:279:24
#14 10.28     277|     const res = await request(app)
#14 10.28     278|       .get('/api/tickets?limit=0');
#14 10.28     279|     expect(res.status).toBe(400);
#14 10.28        |                        ^
#14 10.28     280|     expect(res.body).toHaveProperty('error');
#14 10.28     281|   });
#14 10.28 
#14 10.28 ΓÄ»ΓÄ»ΓÄ»ΓÄ»ΓÄ»ΓÄ»ΓÄ»ΓÄ»ΓÄ»ΓÄ»ΓÄ»ΓÄ»ΓÄ»ΓÄ»ΓÄ»ΓÄ»ΓÄ»ΓÄ»ΓÄ»ΓÄ»ΓÄ»ΓÄ»ΓÄ»[7/49]ΓÄ»
#14 10.28 
#14 10.28  FAIL  tests/HU-01.test.ts > TC-007 ΓÇö Tama├▒o de p├ígina con valores inv├ílidos (HU-01) > debe retornar 400 y mensaje de error para limit negativo
#14 10.28 AssertionError: expected 500 to be 400 // Object.is equality
#14 10.28 
#14 10.28 - Expected
#14 10.28 + Received
#14 10.28 
#14 10.28 - 400
#14 10.28 + 500
#14 10.28 
#14 10.28  Γ¥» tests/HU-01.test.ts:286:24
#14 10.29     284|     const res = await request(app)
#14 10.29     285|       .get('/api/tickets?limit=-5');
#14 10.29     286|     expect(res.status).toBe(400);
#14 10.29        |                        ^
#14 10.29     287|     expect(res.body).toHaveProperty('error');
#14 10.29     288|   });
#14 10.29 
#14 10.29 ΓÄ»ΓÄ»ΓÄ»ΓÄ»ΓÄ»ΓÄ»ΓÄ»ΓÄ»ΓÄ»ΓÄ»ΓÄ»ΓÄ»ΓÄ»ΓÄ»ΓÄ»ΓÄ»ΓÄ»ΓÄ»ΓÄ»ΓÄ»ΓÄ»ΓÄ»ΓÄ»[8/49]ΓÄ»
#14 10.29 
#14 10.29  FAIL  tests/HU-01.test.ts > TC-007 ΓÇö Tama├▒o de p├ígina con valores inv├ílidos (HU-01) > debe retornar 400 y mensaje de error para limit mayor al m├íximo
#14 10.29 AssertionError: expected 500 to be 400 // Object.is equality
#14 10.29 
#14 10.29 - Expected
#14 10.29 + Received
#14 10.29 
#14 10.29 - 400
#14 10.29 + 500
#14 10.29 
#14 10.29  Γ¥» tests/HU-01.test.ts:293:24
#14 10.29     291|     const res = await request(app)
#14 10.29     292|       .get('/api/tickets?limit=101');
#14 10.29     293|     expect(res.status).toBe(400);
#14 10.29        |                        ^
#14 10.29     294|     expect(res.body).toHaveProperty('error');
#14 10.29     295|   });
#14 10.29 
#14 10.29 ΓÄ»ΓÄ»ΓÄ»ΓÄ»ΓÄ»ΓÄ»ΓÄ»ΓÄ»ΓÄ»ΓÄ»ΓÄ»ΓÄ»ΓÄ»ΓÄ»ΓÄ»ΓÄ»ΓÄ»ΓÄ»ΓÄ»ΓÄ»ΓÄ»ΓÄ»ΓÄ»[9/49]ΓÄ»
#14 10.29 
#14 10.29  FAIL  tests/HU-01.test.ts > TC-007 ΓÇö Tama├▒o de p├ígina con valores inv├ílidos (HU-01) > debe retornar 400 y mensaje de error para limit no num├⌐rico
#14 10.29 AssertionError: expected 500 to be 400 // Object.is equality
#14 10.29 
#14 10.29 - Expected
#14 10.29 + Received
#14 10.29 
#14 10.29 - 400
#14 10.29 + 500
#14 10.29 
#14 10.29  Γ¥» tests/HU-01.test.ts:300:24
#14 10.30     298|     const res = await request(app)
#14 10.30     299|       .get('/api/tickets?limit=abc');
#14 10.30     300|     expect(res.status).toBe(400);
#14 10.30        |                        ^
#14 10.30     301|     expect(res.body).toHaveProperty('error');
#14 10.30     302|   });
#14 10.30 
#14 10.30 ΓÄ»ΓÄ»ΓÄ»ΓÄ»ΓÄ»ΓÄ»ΓÄ»ΓÄ»ΓÄ»ΓÄ»ΓÄ»ΓÄ»ΓÄ»ΓÄ»ΓÄ»ΓÄ»ΓÄ»ΓÄ»ΓÄ»ΓÄ»ΓÄ»ΓÄ»[10/49]ΓÄ»
#14 10.30 
#14 10.30  FAIL  tests/HU-02.test.ts > HU-02 - Filtro por estado > TC-008 - Un solo estado v├ílido > Given existen tickets con diferentes estados, When se solicita "RECEIVED", Then solo retorna tickets "RECEIVED"
#14 10.30 AssertionError: expected 404 to be 200 // Object.is equality
#14 10.30 
#14 10.30 - Expected
#14 10.30 + Received
#14 10.30 
#14 10.30 - 200
#14 10.30 + 404
#14 10.30 
#14 10.30  Γ¥» tests/HU-02.test.ts:98:37
#14 10.31      96|             const response = await request(app).get('/v1/tickets?statuΓÇª
#14 10.31      97| 
#14 10.31      98|             expect(response.status).toBe(200);
#14 10.31        |                                     ^
#14 10.31      99|             expect(Array.isArray(response.body.data)).toBe(true);
#14 10.31     100| 
#14 10.31 
#14 10.31 ΓÄ»ΓÄ»ΓÄ»ΓÄ»ΓÄ»ΓÄ»ΓÄ»ΓÄ»ΓÄ»ΓÄ»ΓÄ»ΓÄ»ΓÄ»ΓÄ»ΓÄ»ΓÄ»ΓÄ»ΓÄ»ΓÄ»ΓÄ»ΓÄ»ΓÄ»[11/49]ΓÄ»
#14 10.31 
#14 10.31  FAIL  tests/HU-02.test.ts > HU-02 - Filtro por estado > TC-008 - Un solo estado v├ílido > When se solicita "IN_PROGRESS", Then solo retorna tickets "IN_PROGRESS"
#14 10.31 AssertionError: expected 404 to be 200 // Object.is equality
#14 10.31 
#14 10.31 - Expected
#14 10.31 + Received
#14 10.31 
#14 10.31 - 200
#14 10.31 + 404
#14 10.31 
#14 10.31  Γ¥» tests/HU-02.test.ts:113:37
#14 10.32     111|             const response = await request(app).get('/v1/tickets?statuΓÇª
#14 10.32     112| 
#14 10.32     113|             expect(response.status).toBe(200);
#14 10.32        |                                     ^
#14 10.32     114|             response.body.data.forEach((ticket: any) => {
#14 10.32     115|                 expect(ticket.status).toBe('IN_PROGRESS');
#14 10.32 
#14 10.32 ΓÄ»ΓÄ»ΓÄ»ΓÄ»ΓÄ»ΓÄ»ΓÄ»ΓÄ»ΓÄ»ΓÄ»ΓÄ»ΓÄ»ΓÄ»ΓÄ»ΓÄ»ΓÄ»ΓÄ»ΓÄ»ΓÄ»ΓÄ»ΓÄ»ΓÄ»[12/49]ΓÄ»
#14 10.32 
#14 10.32  FAIL  tests/HU-02.test.ts > HU-02 - Filtro por estado > TC-009 - M├║ltiples estados > Given existen tickets "RECEIVED" e "IN_PROGRESS", When se solicitan ambos, Then retorna la uni├│n
#14 10.32 AssertionError: expected 404 to be 200 // Object.is equality
#14 10.32 
#14 10.32 - Expected
#14 10.32 + Received
#14 10.32 
#14 10.32 - 200
#14 10.32 + 404
#14 10.32 
#14 10.32  Γ¥» tests/HU-02.test.ts:128:37
#14 10.32     126|             const response = await request(app).get('/v1/tickets?statuΓÇª
#14 10.32     127| 
#14 10.32     128|             expect(response.status).toBe(200);
#14 10.32        |                                     ^
#14 10.32     129|             const data = response.body.data;
#14 10.32     130| 
#14 10.32 
#14 10.32 ΓÄ»ΓÄ»ΓÄ»ΓÄ»ΓÄ»ΓÄ»ΓÄ»ΓÄ»ΓÄ»ΓÄ»ΓÄ»ΓÄ»ΓÄ»ΓÄ»ΓÄ»ΓÄ»ΓÄ»ΓÄ»ΓÄ»ΓÄ»ΓÄ»ΓÄ»[13/49]ΓÄ»
#14 10.32 
#14 10.32  FAIL  tests/HU-02.test.ts > HU-02 - Filtro por estado > TC-010 - Combinaci├│n con otros filtros > Given tickets variados, When se solicita "IN_PROGRESS" y prioridad "HIGH", Then aplica intersecci├│n
#14 10.32 AssertionError: expected 404 to be 200 // Object.is equality
#14 10.32 
#14 10.32 - Expected
#14 10.32 + Received
#14 10.32 
#14 10.32 - 200
#14 10.32 + 404
#14 10.32 
#14 10.32  Γ¥» tests/HU-02.test.ts:153:37
#14 10.33     151|             const response = await request(app).get('/v1/tickets?statuΓÇª
#14 10.33     152| 
#14 10.33     153|             expect(response.status).toBe(200);
#14 10.33        |                                     ^
#14 10.33     154|             response.body.data.forEach((ticket: any) => {
#14 10.33     155|                 expect(ticket.status).toBe('IN_PROGRESS');
#14 10.33 
#14 10.33 ΓÄ»ΓÄ»ΓÄ»ΓÄ»ΓÄ»ΓÄ»ΓÄ»ΓÄ»ΓÄ»ΓÄ»ΓÄ»ΓÄ»ΓÄ»ΓÄ»ΓÄ»ΓÄ»ΓÄ»ΓÄ»ΓÄ»ΓÄ»ΓÄ»ΓÄ»[14/49]ΓÄ»
#14 10.33 
#14 10.33  FAIL  tests/HU-02.test.ts > HU-02 - Filtro por estado > TC-011 - Estado inv├ílido > When se solicita un estado inexistente "CLOSED", Then responde HTTP 400
#14 10.33 AssertionError: expected 404 to be 400 // Object.is equality
#14 10.33 
#14 10.33 - Expected
#14 10.33 + Received
#14 10.33 
#14 10.33 - 400
#14 10.33 + 404
#14 10.33 
#14 10.33  Γ¥» tests/HU-02.test.ts:169:37
#14 10.33     167|             const response = await request(app).get('/v1/tickets?statuΓÇª
#14 10.33     168| 
#14 10.33     169|             expect(response.status).toBe(400);
#14 10.33        |                                     ^
#14 10.33     170|             expect(response.body.message).toMatch(/no es un estado v├ílΓÇª
#14 10.33     171|             expect(response.body.validValues).toContain('RECEIVED');
#14 10.33 
#14 10.33 ΓÄ»ΓÄ»ΓÄ»ΓÄ»ΓÄ»ΓÄ»ΓÄ»ΓÄ»ΓÄ»ΓÄ»ΓÄ»ΓÄ»ΓÄ»ΓÄ»ΓÄ»ΓÄ»ΓÄ»ΓÄ»ΓÄ»ΓÄ»ΓÄ»ΓÄ»[15/49]ΓÄ»
#14 10.33 
#14 10.33  FAIL  tests/HU-02.test.ts > HU-02 - Filtro por estado > TC-011 - Estado inv├ílido > When se solicita un estado en min├║sculas "received", Then responde HTTP 400
#14 10.33 AssertionError: expected 404 to be 400 // Object.is equality
#14 10.33 
#14 10.33 - Expected
#14 10.33 + Received
#14 10.33 
#14 10.33 - 400
#14 10.33 + 404
#14 10.33 
#14 10.33  Γ¥» tests/HU-02.test.ts:177:37
#14 10.34     175|         it('When se solicita un estado en min├║sculas "received", Then ΓÇª
#14 10.34     176|             const response = await request(app).get('/v1/tickets?statuΓÇª
#14 10.34     177|             expect(response.status).toBe(400);
#14 10.34        |                                     ^
#14 10.34     178|         });
#14 10.34     179|     });
#14 10.34 
#14 10.34 ΓÄ»ΓÄ»ΓÄ»ΓÄ»ΓÄ»ΓÄ»ΓÄ»ΓÄ»ΓÄ»ΓÄ»ΓÄ»ΓÄ»ΓÄ»ΓÄ»ΓÄ»ΓÄ»ΓÄ»ΓÄ»ΓÄ»ΓÄ»ΓÄ»ΓÄ»[16/49]ΓÄ»
#14 10.34 
#14 10.34  FAIL  tests/HU-02.test.ts > HU-02 - Filtro por estado > TC-012 - Sin resultados > Given no existen tickets IN_PROGRESS con prioridad HIGH, When se solicita ambos, Then retorna data vac├¡a
#14 10.34 AssertionError: expected 404 to be 200 // Object.is equality
#14 10.34 
#14 10.34 - Expected
#14 10.34 + Received
#14 10.34 
#14 10.34 - 200
#14 10.34 + 404
#14 10.34 
#14 10.34  Γ¥» tests/HU-02.test.ts:191:37
#14 10.34     189|             const response = await request(app).get('/v1/tickets?statuΓÇª
#14 10.34     190| 
#14 10.34     191|             expect(response.status).toBe(200);
#14 10.34        |                                     ^
#14 10.34     192|             expect(response.body.data.length).toBe(0);
#14 10.34     193|             expect(response.body.pagination.totalItems).toBe(0);
#14 10.34 
#14 10.35 ΓÄ»ΓÄ»ΓÄ»ΓÄ»ΓÄ»ΓÄ»ΓÄ»ΓÄ»ΓÄ»ΓÄ»ΓÄ»ΓÄ»ΓÄ»ΓÄ»ΓÄ»ΓÄ»ΓÄ»ΓÄ»ΓÄ»ΓÄ»ΓÄ»ΓÄ»[17/49]ΓÄ»
#14 10.35 
#14 10.35  FAIL  tests/HU-03.test.ts > TC-017 ΓÇö Filtrar por prioridad sin resultados coincidentes (HU-03) > debe retornar lista vac├¡a y totalItems 0 cuando no existen tickets con la prioridad filtrada
#14 10.35 Error: expected 200 "OK", got 500 "Internal Server Error"
#14 10.35  Γ¥» tests/HU-03.test.ts:20:8
#14 10.35      18|     const res = await request(app)
#14 10.35      19|       .get('/api/tickets?priority=PENDING')
#14 10.35      20|       .expect(200);
#14 10.35        |        ^
#14 10.35      21|     // Then el campo "data" es un arreglo vac├¡o y totalItems es 0
#14 10.35      22|     expect(Array.isArray(res.body.data)).toBe(true);
#14 10.35  Γ¥» Test._assertStatus node_modules/supertest/lib/test.js:309:14
#14 10.35  Γ¥» node_modules/supertest/lib/test.js:365:13
#14 10.35  Γ¥» Test._assertFunction node_modules/supertest/lib/test.js:342:13
#14 10.35  Γ¥» Test.assert node_modules/supertest/lib/test.js:195:23
#14 10.36  Γ¥» localAssert node_modules/supertest/lib/test.js:138:14
#14 10.36  Γ¥» Server.<anonymous> node_modules/supertest/lib/test.js:152:11
#14 10.36 
#14 10.36 ΓÄ»ΓÄ»ΓÄ»ΓÄ»ΓÄ»ΓÄ»ΓÄ»ΓÄ»ΓÄ»ΓÄ»ΓÄ»ΓÄ»ΓÄ»ΓÄ»ΓÄ»ΓÄ»ΓÄ»ΓÄ»ΓÄ»ΓÄ»ΓÄ»ΓÄ»[18/49]ΓÄ»
#14 10.36 
#14 10.36  FAIL  tests/HU-03.test.ts > TC-016 ΓÇö Filtrar con prioridad inv├ílida (HU-03) > debe rechazar prioridad inventada (CRITICAL) con HTTP 400 y mensaje claro
#14 10.36 Error: expected 400 "Bad Request", got 500 "Internal Server Error"
#14 10.36  Γ¥» tests/HU-03.test.ts:46:8
#14 10.36      44|     const res = await request(app)
#14 10.36      45|       .get('/api/tickets?priority=CRITICAL')
#14 10.36      46|       .expect(400);
#14 10.36        |        ^
#14 10.36      47|     expect(res.body).toHaveProperty('error');
#14 10.36      48|     expect(res.body.error).toMatch(/CRITICAL.*prioridad.*v├ílida/i);
#14 10.36  Γ¥» Test._assertStatus node_modules/supertest/lib/test.js:309:14
#14 10.36  Γ¥» node_modules/supertest/lib/test.js:365:13
#14 10.36  Γ¥» Test._assertFunction node_modules/supertest/lib/test.js:342:13
#14 10.36  Γ¥» Test.assert node_modules/supertest/lib/test.js:195:23
#14 10.36  Γ¥» localAssert node_modules/supertest/lib/test.js:138:14
#14 10.36  Γ¥» Server.<anonymous> node_modules/supertest/lib/test.js:152:11
#14 10.36 
#14 10.36 ΓÄ»ΓÄ»ΓÄ»ΓÄ»ΓÄ»ΓÄ»ΓÄ»ΓÄ»ΓÄ»ΓÄ»ΓÄ»ΓÄ»ΓÄ»ΓÄ»ΓÄ»ΓÄ»ΓÄ»ΓÄ»ΓÄ»ΓÄ»ΓÄ»ΓÄ»[19/49]ΓÄ»
#14 10.36 
#14 10.36  FAIL  tests/HU-03.test.ts > TC-016 ΓÇö Filtrar con prioridad inv├ílida (HU-03) > debe rechazar prioridad inventada (URGENT) con HTTP 400 y mensaje claro
#14 10.36 Error: expected 400 "Bad Request", got 500 "Internal Server Error"
#14 10.36  Γ¥» tests/HU-03.test.ts:55:8
#14 10.36      53|     const res = await request(app)
#14 10.36      54|       .get('/api/tickets?priority=URGENT')
#14 10.36      55|       .expect(400);
#14 10.36        |        ^
#14 10.36      56|     expect(res.body).toHaveProperty('error');
#14 10.36      57|     expect(res.body.error).toMatch(/URGENT.*prioridad.*v├ílida/i);
#14 10.36  Γ¥» Test._assertStatus node_modules/supertest/lib/test.js:309:14
#14 10.36  Γ¥» node_modules/supertest/lib/test.js:365:13
#14 10.36  Γ¥» Test._assertFunction node_modules/supertest/lib/test.js:342:13
#14 10.36  Γ¥» Test.assert node_modules/supertest/lib/test.js:195:23
#14 10.36  Γ¥» localAssert node_modules/supertest/lib/test.js:138:14
#14 10.36  Γ¥» Server.<anonymous> node_modules/supertest/lib/test.js:152:11
#14 10.36 
#14 10.36 ΓÄ»ΓÄ»ΓÄ»ΓÄ»ΓÄ»ΓÄ»ΓÄ»ΓÄ»ΓÄ»ΓÄ»ΓÄ»ΓÄ»ΓÄ»ΓÄ»ΓÄ»ΓÄ»ΓÄ»ΓÄ»ΓÄ»ΓÄ»ΓÄ»ΓÄ»[20/49]ΓÄ»
#14 10.36 
#14 10.37  FAIL  tests/HU-03.test.ts > TC-016 ΓÇö Filtrar con prioridad inv├ílida (HU-03) > debe rechazar prioridad num├⌐rica (1) con HTTP 400
#14 10.37 Error: expected 400 "Bad Request", got 500 "Internal Server Error"
#14 10.37  Γ¥» tests/HU-03.test.ts:64:8
#14 10.37      62|     const res = await request(app)
#14 10.37      63|       .get('/api/tickets?priority=1')
#14 10.37      64|       .expect(400);
#14 10.37        |        ^
#14 10.37      65|     expect(res.body).toHaveProperty('error');
#14 10.37      66|     expect(res.body.error).toMatch(/prioridad.*v├ílida/i);
#14 10.37  Γ¥» Test._assertStatus node_modules/supertest/lib/test.js:309:14
#14 10.37  Γ¥» node_modules/supertest/lib/test.js:365:13
#14 10.37  Γ¥» Test._assertFunction node_modules/supertest/lib/test.js:342:13
#14 10.37  Γ¥» Test.assert node_modules/supertest/lib/test.js:195:23
#14 10.37  Γ¥» localAssert node_modules/supertest/lib/test.js:138:14
#14 10.37  Γ¥» Server.<anonymous> node_modules/supertest/lib/test.js:152:11
#14 10.37 
#14 10.37 ΓÄ»ΓÄ»ΓÄ»ΓÄ»ΓÄ»ΓÄ»ΓÄ»ΓÄ»ΓÄ»ΓÄ»ΓÄ»ΓÄ»ΓÄ»ΓÄ»ΓÄ»ΓÄ»ΓÄ»ΓÄ»ΓÄ»ΓÄ»ΓÄ»ΓÄ»[21/49]ΓÄ»
#14 10.37 
#14 10.37  FAIL  tests/HU-03.test.ts > TC-016 ΓÇö Filtrar con prioridad inv├ílida (HU-03) > debe rechazar prioridad vac├¡a con HTTP 400
#14 10.37 Error: expected 400 "Bad Request", got 500 "Internal Server Error"
#14 10.37  Γ¥» tests/HU-03.test.ts:72:8
#14 10.38      70|     const res = await request(app)
#14 10.38      71|       .get('/api/tickets?priority=')
#14 10.38      72|       .expect(400);
#14 10.38        |        ^
#14 10.38      73|     expect(res.body).toHaveProperty('error');
#14 10.38      74|     expect(res.body.error).toMatch(/prioridad.*v├ílida/i);
#14 10.38  Γ¥» Test._assertStatus node_modules/supertest/lib/test.js:309:14
#14 10.38  Γ¥» node_modules/supertest/lib/test.js:365:13
#14 10.38  Γ¥» Test._assertFunction node_modules/supertest/lib/test.js:342:13
#14 10.38  Γ¥» Test.assert node_modules/supertest/lib/test.js:195:23
#14 10.38  Γ¥» localAssert node_modules/supertest/lib/test.js:138:14
#14 10.38  Γ¥» Server.<anonymous> node_modules/supertest/lib/test.js:152:11
#14 10.38 
#14 10.38 ΓÄ»ΓÄ»ΓÄ»ΓÄ»ΓÄ»ΓÄ»ΓÄ»ΓÄ»ΓÄ»ΓÄ»ΓÄ»ΓÄ»ΓÄ»ΓÄ»ΓÄ»ΓÄ»ΓÄ»ΓÄ»ΓÄ»ΓÄ»ΓÄ»ΓÄ»[22/49]ΓÄ»
#14 10.38 
#14 10.38  FAIL  tests/HU-03.test.ts > TC-013 ΓÇö Filtrar por prioridad v├ílida (HU-03) > debe retornar solo tickets con prioridad HIGH y totalItems correcto
#14 10.38 Error: expected 200 "OK", got 500 "Internal Server Error"
#14 10.38  Γ¥» tests/HU-03.test.ts:112:8
#14 10.38     110|     const res = await request(app)
#14 10.38     111|       .get('/api/tickets?priority=HIGH')
#14 10.38     112|       .expect(200);
#14 10.38        |        ^
#14 10.38     113| 
#14 10.38     114|     // Then todos los tickets en "data" tienen el campo "priority" iguΓÇª
#14 10.38  Γ¥» Test._assertStatus node_modules/supertest/lib/test.js:309:14
#14 10.38  Γ¥» node_modules/supertest/lib/test.js:365:13
#14 10.38  Γ¥» Test._assertFunction node_modules/supertest/lib/test.js:342:13
#14 10.38  Γ¥» Test.assert node_modules/supertest/lib/test.js:195:23
#14 10.38  Γ¥» localAssert node_modules/supertest/lib/test.js:138:14
#14 10.38  Γ¥» Server.<anonymous> node_modules/supertest/lib/test.js:152:11
#14 10.38 
#14 10.38 ΓÄ»ΓÄ»ΓÄ»ΓÄ»ΓÄ»ΓÄ»ΓÄ»ΓÄ»ΓÄ»ΓÄ»ΓÄ»ΓÄ»ΓÄ»ΓÄ»ΓÄ»ΓÄ»ΓÄ»ΓÄ»ΓÄ»ΓÄ»ΓÄ»ΓÄ»[23/49]ΓÄ»
#14 10.38 
#14 10.38  FAIL  tests/HU-03.test.ts > TC-013 ΓÇö Filtrar por prioridad v├ílida (HU-03) > debe retornar solo tickets con prioridad PENDING y totalItems correcto
#14 10.38 Error: expected 200 "OK", got 500 "Internal Server Error"
#14 10.38  Γ¥» tests/HU-03.test.ts:126:8
#14 10.38     124|     const res = await request(app)
#14 10.38     125|       .get('/api/tickets?priority=PENDING')
#14 10.38     126|       .expect(200);
#14 10.38        |        ^
#14 10.38     127|     expect(Array.isArray(res.body.data)).toBe(true);
#14 10.38     128|     expect(res.body.data.length).toBe(2);
#14 10.38  Γ¥» Test._assertStatus node_modules/supertest/lib/test.js:309:14
#14 10.38  Γ¥» node_modules/supertest/lib/test.js:365:13
#14 10.38  Γ¥» Test._assertFunction node_modules/supertest/lib/test.js:342:13
#14 10.38  Γ¥» Test.assert node_modules/supertest/lib/test.js:195:23
#14 10.38  Γ¥» localAssert node_modules/supertest/lib/test.js:138:14
#14 10.38  Γ¥» Server.<anonymous> node_modules/supertest/lib/test.js:152:11
#14 10.38 
#14 10.38 ΓÄ»ΓÄ»ΓÄ»ΓÄ»ΓÄ»ΓÄ»ΓÄ»ΓÄ»ΓÄ»ΓÄ»ΓÄ»ΓÄ»ΓÄ»ΓÄ»ΓÄ»ΓÄ»ΓÄ»ΓÄ»ΓÄ»ΓÄ»ΓÄ»ΓÄ»[24/49]ΓÄ»
#14 10.38 
#14 10.38  FAIL  tests/HU-03.test.ts > TC-013 ΓÇö Filtrar por prioridad v├ílida (HU-03) > debe retornar solo tickets con prioridad MEDIUM y totalItems correcto
#14 10.38 Error: expected 200 "OK", got 500 "Internal Server Error"
#14 10.38  Γ¥» tests/HU-03.test.ts:138:8
#14 10.38     136|     const res = await request(app)
#14 10.38     137|       .get('/api/tickets?priority=MEDIUM')
#14 10.38     138|       .expect(200);
#14 10.38        |        ^
#14 10.38     139|     expect(Array.isArray(res.body.data)).toBe(true);
#14 10.38     140|     expect(res.body.data.length).toBe(8);
#14 10.38  Γ¥» Test._assertStatus node_modules/supertest/lib/test.js:309:14
#14 10.38  Γ¥» node_modules/supertest/lib/test.js:365:13
#14 10.38  Γ¥» Test._assertFunction node_modules/supertest/lib/test.js:342:13
#14 10.38  Γ¥» Test.assert node_modules/supertest/lib/test.js:195:23
#14 10.38  Γ¥» localAssert node_modules/supertest/lib/test.js:138:14
#14 10.39  Γ¥» Server.<anonymous> node_modules/supertest/lib/test.js:152:11
#14 10.39 
#14 10.39 ΓÄ»ΓÄ»ΓÄ»ΓÄ»ΓÄ»ΓÄ»ΓÄ»ΓÄ»ΓÄ»ΓÄ»ΓÄ»ΓÄ»ΓÄ»ΓÄ»ΓÄ»ΓÄ»ΓÄ»ΓÄ»ΓÄ»ΓÄ»ΓÄ»ΓÄ»[25/49]ΓÄ»
#14 10.39 
#14 10.39  FAIL  tests/HU-03.test.ts > TC-013 ΓÇö Filtrar por prioridad v├ílida (HU-03) > debe retornar solo tickets con prioridad LOW y totalItems correcto
#14 10.39 Error: expected 200 "OK", got 500 "Internal Server Error"
#14 10.39  Γ¥» tests/HU-03.test.ts:150:8
#14 10.39     148|     const res = await request(app)
#14 10.39     149|       .get('/api/tickets?priority=LOW')
#14 10.39     150|       .expect(200);
#14 10.39        |        ^
#14 10.39     151|     expect(Array.isArray(res.body.data)).toBe(true);
#14 10.39     152|     expect(res.body.data.length).toBe(10);
#14 10.39  Γ¥» Test._assertStatus node_modules/supertest/lib/test.js:309:14
#14 10.39  Γ¥» node_modules/supertest/lib/test.js:365:13
#14 10.39  Γ¥» Test._assertFunction node_modules/supertest/lib/test.js:342:13
#14 10.39  Γ¥» Test.assert node_modules/supertest/lib/test.js:195:23
#14 10.39  Γ¥» localAssert node_modules/supertest/lib/test.js:138:14
#14 10.39  Γ¥» Server.<anonymous> node_modules/supertest/lib/test.js:152:11
#14 10.39 
#14 10.39 ΓÄ»ΓÄ»ΓÄ»ΓÄ»ΓÄ»ΓÄ»ΓÄ»ΓÄ»ΓÄ»ΓÄ»ΓÄ»ΓÄ»ΓÄ»ΓÄ»ΓÄ»ΓÄ»ΓÄ»ΓÄ»ΓÄ»ΓÄ»ΓÄ»ΓÄ»[26/49]ΓÄ»
#14 10.39 
#14 10.39  FAIL  tests/HU-03.test.ts > TC-015 ΓÇö Combinar filtro de prioridad con otros filtros (HU-03) > debe retornar solo tickets con priority HIGH y status IN_PROGRESS
#14 10.39 Error: expected 200 "OK", got 500 "Internal Server Error"
#14 10.39  Γ¥» tests/HU-03.test.ts:191:8
#14 10.39     189|     const res = await request(app)
#14 10.39     190|       .get('/api/tickets?priority=HIGH&status=IN_PROGRESS')
#14 10.39     191|       .expect(200);
#14 10.39        |        ^
#14 10.39     192| 
#14 10.39     193|     // Then todos los tickets tienen priority "HIGH" y status "IN_PROGΓÇª
#14 10.39  Γ¥» Test._assertStatus node_modules/supertest/lib/test.js:309:14
#14 10.39  Γ¥» node_modules/supertest/lib/test.js:365:13
#14 10.39  Γ¥» Test._assertFunction node_modules/supertest/lib/test.js:342:13
#14 10.39  Γ¥» Test.assert node_modules/supertest/lib/test.js:195:23
#14 10.39  Γ¥» localAssert node_modules/supertest/lib/test.js:138:14
#14 10.39  Γ¥» Server.<anonymous> node_modules/supertest/lib/test.js:152:11
#14 10.39 
#14 10.39 ΓÄ»ΓÄ»ΓÄ»ΓÄ»ΓÄ»ΓÄ»ΓÄ»ΓÄ»ΓÄ»ΓÄ»ΓÄ»ΓÄ»ΓÄ»ΓÄ»ΓÄ»ΓÄ»ΓÄ»ΓÄ»ΓÄ»ΓÄ»ΓÄ»ΓÄ»[27/49]ΓÄ»
#14 10.39 
#14 10.39  FAIL  tests/HU-03.test.ts > TC-015 ΓÇö Combinar filtro de prioridad con otros filtros (HU-03) > debe retornar solo tickets con priority HIGH y type NO_SERVICE
#14 10.39 Error: expected 200 "OK", got 500 "Internal Server Error"
#14 10.39  Γ¥» tests/HU-03.test.ts:206:8
#14 10.39     204|     const res = await request(app)
#14 10.39     205|       .get('/api/tickets?priority=HIGH&type=NO_SERVICE')
#14 10.39     206|       .expect(200);
#14 10.39        |        ^
#14 10.39     207|     expect(Array.isArray(res.body.data)).toBe(true);
#14 10.39     208|     expect(res.body.data.length).toBe(1);
#14 10.39  Γ¥» Test._assertStatus node_modules/supertest/lib/test.js:309:14
#14 10.39  Γ¥» node_modules/supertest/lib/test.js:365:13
#14 10.39  Γ¥» Test._assertFunction node_modules/supertest/lib/test.js:342:13
#14 10.39  Γ¥» Test.assert node_modules/supertest/lib/test.js:195:23
#14 10.39  Γ¥» localAssert node_modules/supertest/lib/test.js:138:14
#14 10.39  Γ¥» Server.<anonymous> node_modules/supertest/lib/test.js:152:11
#14 10.39 
#14 10.39 ΓÄ»ΓÄ»ΓÄ»ΓÄ»ΓÄ»ΓÄ»ΓÄ»ΓÄ»ΓÄ»ΓÄ»ΓÄ»ΓÄ»ΓÄ»ΓÄ»ΓÄ»ΓÄ»ΓÄ»ΓÄ»ΓÄ»ΓÄ»ΓÄ»ΓÄ»[28/49]ΓÄ»
#14 10.39 
#14 10.39  FAIL  tests/HU-03.test.ts > TC-015 ΓÇö Combinar filtro de prioridad con otros filtros (HU-03) > debe retornar solo tickets con priority MEDIUM y status IN_PROGRESS
#14 10.39 Error: expected 200 "OK", got 500 "Internal Server Error"
#14 10.40  Γ¥» tests/HU-03.test.ts:216:8
#14 10.40     214|     const res = await request(app)
#14 10.40     215|       .get('/api/tickets?priority=MEDIUM&status=IN_PROGRESS')
#14 10.40     216|       .expect(200);
#14 10.40        |        ^
#14 10.40     217|     expect(Array.isArray(res.body.data)).toBe(true);
#14 10.40     218|     expect(res.body.data.length).toBe(1);
#14 10.40  Γ¥» Test._assertStatus node_modules/supertest/lib/test.js:309:14
#14 10.40  Γ¥» node_modules/supertest/lib/test.js:365:13
#14 10.40  Γ¥» Test._assertFunction node_modules/supertest/lib/test.js:342:13
#14 10.40  Γ¥» Test.assert node_modules/supertest/lib/test.js:195:23
#14 10.40  Γ¥» localAssert node_modules/supertest/lib/test.js:138:14
#14 10.40  Γ¥» Server.<anonymous> node_modules/supertest/lib/test.js:152:11
#14 10.40 
#14 10.40 ΓÄ»ΓÄ»ΓÄ»ΓÄ»ΓÄ»ΓÄ»ΓÄ»ΓÄ»ΓÄ»ΓÄ»ΓÄ»ΓÄ»ΓÄ»ΓÄ»ΓÄ»ΓÄ»ΓÄ»ΓÄ»ΓÄ»ΓÄ»ΓÄ»ΓÄ»[29/49]ΓÄ»
#14 10.40 
#14 10.40  FAIL  tests/HU-03.test.ts > TC-015 ΓÇö Combinar filtro de prioridad con otros filtros (HU-03) > debe retornar todos los tickets si no hay filtros
#14 10.40 Error: expected 200 "OK", got 500 "Internal Server Error"
#14 10.40  Γ¥» tests/HU-03.test.ts:226:8
#14 10.40     224|     const res = await request(app)
#14 10.40     225|       .get('/api/tickets')
#14 10.40     226|       .expect(200);
#14 10.40        |        ^
#14 10.40     227|     expect(Array.isArray(res.body.data)).toBe(true);
#14 10.40     228|     expect(res.body.data.length).toBe(4);
#14 10.40  Γ¥» Test._assertStatus node_modules/supertest/lib/test.js:309:14
#14 10.40  Γ¥» node_modules/supertest/lib/test.js:365:13
#14 10.40  Γ¥» Test._assertFunction node_modules/supertest/lib/test.js:342:13
#14 10.40  Γ¥» Test.assert node_modules/supertest/lib/test.js:195:23
#14 10.40  Γ¥» localAssert node_modules/supertest/lib/test.js:138:14
#14 10.40  Γ¥» Server.<anonymous> node_modules/supertest/lib/test.js:152:11
#14 10.40 
#14 10.40 ΓÄ»ΓÄ»ΓÄ»ΓÄ»ΓÄ»ΓÄ»ΓÄ»ΓÄ»ΓÄ»ΓÄ»ΓÄ»ΓÄ»ΓÄ»ΓÄ»ΓÄ»ΓÄ»ΓÄ»ΓÄ»ΓÄ»ΓÄ»ΓÄ»ΓÄ»[30/49]ΓÄ»
#14 10.40 
#14 10.40  FAIL  tests/HU-05.test.ts > HU-05 - Filtro por rango de fechas > TC-022 - Query Service + Frontend - Filtrar por rango de fechas v├ílido > debe filtrar correctamente los tickets dentro de un rango de fechas v├ílido
#14 10.40 AssertionError: expected 500 to be 200 // Object.is equality
#14 10.40 
#14 10.40 - Expected
#14 10.40 + Received
#14 10.40 
#14 10.40 - 200
#14 10.40 + 500
#14 10.40 
#14 10.40  Γ¥» tests/HU-05.test.ts:37:31
#14 10.41      35|       // RED: Esperamos 200 pero probablemente devuelva algo distinto ΓÇª
#14 10.41      36|       // Actualmente index.ts solo tiene /health, por lo que /api/tickΓÇª
#14 10.41      37|       expect(response.status).toBe(200);
#14 10.41        |                               ^
#14 10.41      38|       expect(response.body).toHaveProperty('data');
#14 10.41      39|       expect(response.body.pagination.totalItems).toBeGreaterThan(0);
#14 10.41 
#14 10.41 ΓÄ»ΓÄ»ΓÄ»ΓÄ»ΓÄ»ΓÄ»ΓÄ»ΓÄ»ΓÄ»ΓÄ»ΓÄ»ΓÄ»ΓÄ»ΓÄ»ΓÄ»ΓÄ»ΓÄ»ΓÄ»ΓÄ»ΓÄ»ΓÄ»ΓÄ»[31/49]ΓÄ»
#14 10.41 
#14 10.41  FAIL  tests/HU-05.test.ts > HU-05 - Filtro por rango de fechas > TC-023 - Query Service + Frontend - Validar que fecha fin sea mayor o igual a fecha inicio > debe rechazar un rango de fechas invertido con HTTP 400
#14 10.41 AssertionError: expected 500 to be 400 // Object.is equality
#14 10.41 
#14 10.41 - Expected
#14 10.41 + Received
#14 10.41 
#14 10.41 - 400
#14 10.41 + 500
#14 10.41 
#14 10.41  Γ¥» tests/HU-05.test.ts:70:31
#14 10.41      68|         });
#14 10.41      69| 
#14 10.41      70|       expect(response.status).toBe(400);
#14 10.41        |                               ^
#14 10.41      71|       expect(response.body.error).toMatch(/dateTo.*mayor.*igual.*dateFΓÇª
#14 10.41      72|     });
#14 10.41 
#14 10.41 ΓÄ»ΓÄ»ΓÄ»ΓÄ»ΓÄ»ΓÄ»ΓÄ»ΓÄ»ΓÄ»ΓÄ»ΓÄ»ΓÄ»ΓÄ»ΓÄ»ΓÄ»ΓÄ»ΓÄ»ΓÄ»ΓÄ»ΓÄ»ΓÄ»ΓÄ»[32/49]ΓÄ»
#14 10.41 
#14 10.41  FAIL  tests/HU-05.test.ts > HU-05 - Filtro por rango de fechas > TC-024 - Query Service + Frontend - Rango de fechas sin resultados coincidentes > debe retornar una lista vac├¡a si no hay resultados en el rango
#14 10.41 AssertionError: expected 500 to be 200 // Object.is equality
#14 10.41 
#14 10.41 - Expected
#14 10.41 + Received
#14 10.41 
#14 10.41 - 200
#14 10.41 + 500
#14 10.41 
#14 10.41  Γ¥» tests/HU-05.test.ts:94:31
#14 10.41      92|         });
#14 10.41      93| 
#14 10.41      94|       expect(response.status).toBe(200);
#14 10.41        |                               ^
#14 10.41      95|       expect(response.body.data).toEqual([]);
#14 10.41      96|       expect(response.body.pagination.totalItems).toBe(0);
#14 10.41 
#14 10.41 ΓÄ»ΓÄ»ΓÄ»ΓÄ»ΓÄ»ΓÄ»ΓÄ»ΓÄ»ΓÄ»ΓÄ»ΓÄ»ΓÄ»ΓÄ»ΓÄ»ΓÄ»ΓÄ»ΓÄ»ΓÄ»ΓÄ»ΓÄ»ΓÄ»ΓÄ»[33/49]ΓÄ»
#14 10.41 
#14 10.41  FAIL  tests/HU-05.test.ts > HU-05 - Filtro por rango de fechas > TC-025 - Query Service + Frontend - Filtrar con solo fecha inicio (sin fecha fin) > debe filtrar correctamente usando solo dateFrom
#14 10.41 AssertionError: expected 500 to be 200 // Object.is equality
#14 10.41 
#14 10.41 - Expected
#14 10.41 + Received
#14 10.41 
#14 10.41 - 200
#14 10.41 + 500
#14 10.41 
#14 10.41  Γ¥» tests/HU-05.test.ts:117:31
#14 10.41     115|         });
#14 10.41     116| 
#14 10.41     117|       expect(response.status).toBe(200);
#14 10.41        |                               ^
#14 10.41     118|       response.body.data.forEach((ticket: any) => {
#14 10.41     119|         const createdAt = new Date(ticket.createdAt).getTime();
#14 10.41 
#14 10.42 ΓÄ»ΓÄ»ΓÄ»ΓÄ»ΓÄ»ΓÄ»ΓÄ»ΓÄ»ΓÄ»ΓÄ»ΓÄ»ΓÄ»ΓÄ»ΓÄ»ΓÄ»ΓÄ»ΓÄ»ΓÄ»ΓÄ»ΓÄ»ΓÄ»ΓÄ»[34/49]ΓÄ»
#14 10.42 
#14 10.42  FAIL  tests/HU-05.test.ts > HU-05 - Filtro por rango de fechas > TC-026 - Query Service + Frontend - Filtrar con solo fecha fin (sin fecha inicio) > debe filtrar correctamente usando solo dateTo
#14 10.42 AssertionError: expected 500 to be 200 // Object.is equality
#14 10.42 
#14 10.42 - Expected
#14 10.42 + Received
#14 10.42 
#14 10.42 - 200
#14 10.42 + 500
#14 10.42 
#14 10.42  Γ¥» tests/HU-05.test.ts:143:31
#14 10.42     141|         });
#14 10.42     142| 
#14 10.42     143|       expect(response.status).toBe(200);
#14 10.42        |                               ^
#14 10.42     144|       response.body.data.forEach((ticket: any) => {
#14 10.42     145|         const createdAt = new Date(ticket.createdAt).getTime();
#14 10.42 
#14 10.42 ΓÄ»ΓÄ»ΓÄ»ΓÄ»ΓÄ»ΓÄ»ΓÄ»ΓÄ»ΓÄ»ΓÄ»ΓÄ»ΓÄ»ΓÄ»ΓÄ»ΓÄ»ΓÄ»ΓÄ»ΓÄ»ΓÄ»ΓÄ»ΓÄ»ΓÄ»[35/49]ΓÄ»
#14 10.42 
#14 10.42  FAIL  tests/HU-05.test.ts > HU-05 - Filtro por rango de fechas > TC-027 - Query Service + Frontend - Fechas con formato inv├ílido > debe rechazar formatos de fecha inv├ílidos con HTTP 400
#14 10.42 AssertionError: expected 500 to be 400 // Object.is equality
#14 10.42 
#14 10.42 - Expected
#14 10.42 + Received
#14 10.42 
#14 10.42 - 400
#14 10.42 + 500
#14 10.42 
#14 10.42  Γ¥» tests/HU-05.test.ts:169:31
#14 10.42     167|         });
#14 10.42     168| 
#14 10.42     169|       expect(response.status).toBe(400);
#14 10.42        |                               ^
#14 10.42     170|       expect(response.body.error).toMatch(/formato.*inv├ílido/i);
#14 10.42     171|     });
#14 10.42 
#14 10.42 ΓÄ»ΓÄ»ΓÄ»ΓÄ»ΓÄ»ΓÄ»ΓÄ»ΓÄ»ΓÄ»ΓÄ»ΓÄ»ΓÄ»ΓÄ»ΓÄ»ΓÄ»ΓÄ»ΓÄ»ΓÄ»ΓÄ»ΓÄ»ΓÄ»ΓÄ»[36/49]ΓÄ»
#14 10.42 
#14 10.42  FAIL  tests/HU-05.test.ts > HU-05 - Filtro por rango de fechas > TC-027 - Query Service + Frontend - Fechas con formato inv├ílido > debe rechazar valores que no son fechas con HTTP 400
#14 10.42 AssertionError: expected 500 to be 400 // Object.is equality
#14 10.42 
#14 10.42 - Expected
#14 10.42 + Received
#14 10.42 
#14 10.42 - 400
#14 10.42 + 500
#14 10.42 
#14 10.42  Γ¥» tests/HU-05.test.ts:180:31
#14 10.42     178|         });
#14 10.42     179| 
#14 10.42     180|       expect(response.status).toBe(400);
#14 10.42        |                               ^
#14 10.42     181|       expect(response.body.error).toMatch(/formato.*inv├ílido/i);
#14 10.42     182|     });
#14 10.42 
#14 10.42 ΓÄ»ΓÄ»ΓÄ»ΓÄ»ΓÄ»ΓÄ»ΓÄ»ΓÄ»ΓÄ»ΓÄ»ΓÄ»ΓÄ»ΓÄ»ΓÄ»ΓÄ»ΓÄ»ΓÄ»ΓÄ»ΓÄ»ΓÄ»ΓÄ»ΓÄ»[37/49]ΓÄ»
#14 10.42 
#14 10.42  FAIL  tests/HU-08.test.ts > HU-08 ΓÇö Ordenamiento de resultados > TC-035: debe ordenar los tickets por fecha ascendente (m├ís antiguo primero)
#14 10.42 Error: expected 200 "OK", got 500 "Internal Server Error"
#14 10.42  Γ¥» tests/HU-08.test.ts:28:8
#14 10.43      26|     const res = await request(app)
#14 10.43      27|       .get('/api/tickets?sortBy=createdAt&sortOrder=asc')
#14 10.43      28|       .expect(200);
#14 10.43        |        ^
#14 10.43      29|     // Then los tickets se retornan en el orden: "T-002", "T-001", "T-ΓÇª
#14 10.43      30|     const ids = res.body.data.map((t: any) => t.ticketId);
#14 10.43  Γ¥» Test._assertStatus node_modules/supertest/lib/test.js:309:14
#14 10.43  Γ¥» node_modules/supertest/lib/test.js:365:13
#14 10.43  Γ¥» Test._assertFunction node_modules/supertest/lib/test.js:342:13
#14 10.43  Γ¥» Test.assert node_modules/supertest/lib/test.js:195:23
#14 10.43  Γ¥» localAssert node_modules/supertest/lib/test.js:138:14
#14 10.43  Γ¥» Server.<anonymous> node_modules/supertest/lib/test.js:152:11
#14 10.43 
#14 10.43 ΓÄ»ΓÄ»ΓÄ»ΓÄ»ΓÄ»ΓÄ»ΓÄ»ΓÄ»ΓÄ»ΓÄ»ΓÄ»ΓÄ»ΓÄ»ΓÄ»ΓÄ»ΓÄ»ΓÄ»ΓÄ»ΓÄ»ΓÄ»ΓÄ»ΓÄ»[38/49]ΓÄ»
#14 10.43 
#14 10.43  FAIL  tests/HU-08.test.ts > HU-08 ΓÇö Ordenamiento de resultados > TC-036: debe ordenar los tickets por fecha descendente (m├ís reciente primero)
#14 10.43 Error: expected 200 "OK", got 500 "Internal Server Error"
#14 10.43  Γ¥» tests/HU-08.test.ts:43:8
#14 10.43      41|     const res = await request(app)
#14 10.43      42|       .get('/api/tickets?sortBy=createdAt&sortOrder=desc')
#14 10.43      43|       .expect(200);
#14 10.43        |        ^
#14 10.43      44|     const ids = res.body.data.map((t: any) => t.ticketId);
#14 10.43      45|     expect(ids).toEqual(['T-003', 'T-001', 'T-002']);
#14 10.43  Γ¥» Test._assertStatus node_modules/supertest/lib/test.js:309:14
#14 10.43  Γ¥» node_modules/supertest/lib/test.js:365:13
#14 10.43  Γ¥» Test._assertFunction node_modules/supertest/lib/test.js:342:13
#14 10.43  Γ¥» Test.assert node_modules/supertest/lib/test.js:195:23
#14 10.43  Γ¥» localAssert node_modules/supertest/lib/test.js:138:14
#14 10.43  Γ¥» Server.<anonymous> node_modules/supertest/lib/test.js:152:11
#14 10.43 
#14 10.43 ΓÄ»ΓÄ»ΓÄ»ΓÄ»ΓÄ»ΓÄ»ΓÄ»ΓÄ»ΓÄ»ΓÄ»ΓÄ»ΓÄ»ΓÄ»ΓÄ»ΓÄ»ΓÄ»ΓÄ»ΓÄ»ΓÄ»ΓÄ»ΓÄ»ΓÄ»[39/49]ΓÄ»
#14 10.43 
#14 10.43  FAIL  tests/HU-08.test.ts > HU-08 ΓÇö Ordenamiento de resultados > TC-037: debe ordenar los tickets por prioridad (HIGH > MEDIUM > LOW > PENDING)
#14 10.43 Error: expected 200 "OK", got 500 "Internal Server Error"
#14 10.43  Γ¥» tests/HU-08.test.ts:62:8
#14 10.43      60|     const res = await request(app)
#14 10.43      61|       .get('/api/tickets?sortBy=priority&sortOrder=desc')
#14 10.43      62|       .expect(200);
#14 10.43        |        ^
#14 10.43      63|     const ids = res.body.data.map((t: any) => t.ticketId);
#14 10.43      64|     expect(ids).toEqual(['T-002', 'T-003', 'T-001', 'T-004']);
#14 10.43  Γ¥» Test._assertStatus node_modules/supertest/lib/test.js:309:14
#14 10.43  Γ¥» node_modules/supertest/lib/test.js:365:13
#14 10.43  Γ¥» Test._assertFunction node_modules/supertest/lib/test.js:342:13
#14 10.43  Γ¥» Test.assert node_modules/supertest/lib/test.js:195:23
#14 10.43  Γ¥» localAssert node_modules/supertest/lib/test.js:138:14
#14 10.43  Γ¥» Server.<anonymous> node_modules/supertest/lib/test.js:152:11
#14 10.43 
#14 10.43 ΓÄ»ΓÄ»ΓÄ»ΓÄ»ΓÄ»ΓÄ»ΓÄ»ΓÄ»ΓÄ»ΓÄ»ΓÄ»ΓÄ»ΓÄ»ΓÄ»ΓÄ»ΓÄ»ΓÄ»ΓÄ»ΓÄ»ΓÄ»ΓÄ»ΓÄ»[40/49]ΓÄ»
#14 10.43 
#14 10.43  FAIL  tests/HU-08.test.ts > HU-08 ΓÇö Ordenamiento de resultados > TC-038: debe ordenar los tickets por estado
#14 10.43 Error: expected 200 "OK", got 500 "Internal Server Error"
#14 10.43  Γ¥» tests/HU-08.test.ts:82:8
#14 10.43      80|     const res = await request(app)
#14 10.43      81|       .get('/api/tickets?sortBy=status&sortOrder=asc')
#14 10.43      82|       .expect(200);
#14 10.43        |        ^
#14 10.43      83|     const ids = res.body.data.map((t: any) => t.ticketId);
#14 10.43      84|     // El orden esperado depende del criterio de ordenamiento de estadΓÇª
#14 10.43  Γ¥» Test._assertStatus node_modules/supertest/lib/test.js:309:14
#14 10.43  Γ¥» node_modules/supertest/lib/test.js:365:13
#14 10.43  Γ¥» Test._assertFunction node_modules/supertest/lib/test.js:342:13
#14 10.43  Γ¥» Test.assert node_modules/supertest/lib/test.js:195:23
#14 10.43  Γ¥» localAssert node_modules/supertest/lib/test.js:138:14
#14 10.43  Γ¥» Server.<anonymous> node_modules/supertest/lib/test.js:152:11
#14 10.43 
#14 10.43 ΓÄ»ΓÄ»ΓÄ»ΓÄ»ΓÄ»ΓÄ»ΓÄ»ΓÄ»ΓÄ»ΓÄ»ΓÄ»ΓÄ»ΓÄ»ΓÄ»ΓÄ»ΓÄ»ΓÄ»ΓÄ»ΓÄ»ΓÄ»ΓÄ»ΓÄ»[41/49]ΓÄ»
#14 10.43 
#14 10.43  FAIL  tests/HU-08.test.ts > HU-08 ΓÇö Ordenamiento de resultados > TC-039: debe rechazar campo de ordenamiento inv├ílido con HTTP 400
#14 10.44 Error: expected 400 "Bad Request", got 500 "Internal Server Error"
#14 10.44  Γ¥» tests/HU-08.test.ts:98:8
#14 10.44      96|     const res = await request(app)
#14 10.44      97|       .get('/api/tickets?sortBy=notAField')
#14 10.44      98|       .expect(400);
#14 10.44        |        ^
#14 10.44      99|     expect(res.body).toHaveProperty('error');
#14 10.44     100|     expect(res.body.error).toMatch(/campo.*ordenamiento.*inv├ílido/i);
#14 10.44  Γ¥» Test._assertStatus node_modules/supertest/lib/test.js:309:14
#14 10.44  Γ¥» node_modules/supertest/lib/test.js:365:13
#14 10.44  Γ¥» Test._assertFunction node_modules/supertest/lib/test.js:342:13
#14 10.44  Γ¥» Test.assert node_modules/supertest/lib/test.js:195:23
#14 10.44  Γ¥» localAssert node_modules/supertest/lib/test.js:138:14
#14 10.44  Γ¥» Server.<anonymous> node_modules/supertest/lib/test.js:152:11
#14 10.44 
#14 10.44 ΓÄ»ΓÄ»ΓÄ»ΓÄ»ΓÄ»ΓÄ»ΓÄ»ΓÄ»ΓÄ»ΓÄ»ΓÄ»ΓÄ»ΓÄ»ΓÄ»ΓÄ»ΓÄ»ΓÄ»ΓÄ»ΓÄ»ΓÄ»ΓÄ»ΓÄ»[42/49]ΓÄ»
#14 10.44 
#14 10.44  FAIL  src/__tests__/HU-04.test.ts > HU-04 - Filtro por tipo de incidente (Query Service) > TC-018 - Filtrar por tipo de incidente v├ílido > debe retornar solo tickets del tipo solicitado (NO_SERVICE)
#14 10.44 Error: expected 200 "OK", got 500 "Internal Server Error"
#14 10.44  Γ¥» src/__tests__/HU-04.test.ts:44:18
#14 10.44      42|             const response = await request(app)
#14 10.44      43|                 .get('/api/tickets?incidentType=NO_SERVICE')
#14 10.44      44|                 .expect(200);
#14 10.44        |                  ^
#14 10.44      45| 
#14 10.44      46|             expect(response.body.data).toBeInstanceOf(Array);
#14 10.44  Γ¥» Test._assertStatus node_modules/supertest/lib/test.js:309:14
#14 10.44  Γ¥» node_modules/supertest/lib/test.js:365:13
#14 10.44  Γ¥» Test._assertFunction node_modules/supertest/lib/test.js:342:13
#14 10.44  Γ¥» Test.assert node_modules/supertest/lib/test.js:195:23
#14 10.44  Γ¥» localAssert node_modules/supertest/lib/test.js:138:14
#14 10.44  Γ¥» Server.<anonymous> node_modules/supertest/lib/test.js:152:11
#14 10.44 
#14 10.45 ΓÄ»ΓÄ»ΓÄ»ΓÄ»ΓÄ»ΓÄ»ΓÄ»ΓÄ»ΓÄ»ΓÄ»ΓÄ»ΓÄ»ΓÄ»ΓÄ»ΓÄ»ΓÄ»ΓÄ»ΓÄ»ΓÄ»ΓÄ»ΓÄ»ΓÄ»[43/49]ΓÄ»
#14 10.45 
#14 10.45  FAIL  src/__tests__/HU-04.test.ts > HU-04 - Filtro por tipo de incidente (Query Service) > TC-018 - Filtrar por tipo de incidente v├ílido > debe retornar solo tickets del tipo solicitado (OTHER)
#14 10.45 Error: expected 200 "OK", got 500 "Internal Server Error"
#14 10.45  Γ¥» src/__tests__/HU-04.test.ts:54:18
#14 10.45      52|             const response = await request(app)
#14 10.45      53|                 .get('/api/tickets?incidentType=OTHER')
#14 10.45      54|                 .expect(200);
#14 10.45        |                  ^
#14 10.45      55| 
#14 10.45      56|             expect(response.body.data.every((t: any) => t.type === 'OTΓÇª
#14 10.45  Γ¥» Test._assertStatus node_modules/supertest/lib/test.js:309:14
#14 10.45  Γ¥» node_modules/supertest/lib/test.js:365:13
#14 10.45  Γ¥» Test._assertFunction node_modules/supertest/lib/test.js:342:13
#14 10.45  Γ¥» Test.assert node_modules/supertest/lib/test.js:195:23
#14 10.45  Γ¥» localAssert node_modules/supertest/lib/test.js:138:14
#14 10.45  Γ¥» Server.<anonymous> node_modules/supertest/lib/test.js:152:11
#14 10.45 
#14 10.45 ΓÄ»ΓÄ»ΓÄ»ΓÄ»ΓÄ»ΓÄ»ΓÄ»ΓÄ»ΓÄ»ΓÄ»ΓÄ»ΓÄ»ΓÄ»ΓÄ»ΓÄ»ΓÄ»ΓÄ»ΓÄ»ΓÄ»ΓÄ»ΓÄ»ΓÄ»[44/49]ΓÄ»
#14 10.45 
#14 10.45  FAIL  src/__tests__/HU-04.test.ts > HU-04 - Filtro por tipo de incidente (Query Service) > TC-020 - Combinar filtro de tipo con estado y prioridad > debe retornar la intersecci├│n de los tres filtros (AND)
#14 10.45 Error: expected 200 "OK", got 500 "Internal Server Error"
#14 10.45  Γ¥» src/__tests__/HU-04.test.ts:91:18
#14 10.45      89|             const response = await request(app)
#14 10.45      90|                 .get('/api/tickets?incidentType=NO_SERVICE&status=IN_PΓÇª
#14 10.45      91|                 .expect(200);
#14 10.45        |                  ^
#14 10.45      92| 
#14 10.45      93|             expect(response.body.pagination.totalItems).toBe(1);
#14 10.45  Γ¥» Test._assertStatus node_modules/supertest/lib/test.js:309:14
#14 10.45  Γ¥» node_modules/supertest/lib/test.js:365:13
#14 10.45  Γ¥» Test._assertFunction node_modules/supertest/lib/test.js:342:13
#14 10.45  Γ¥» Test.assert node_modules/supertest/lib/test.js:195:23
#14 10.45  Γ¥» localAssert node_modules/supertest/lib/test.js:138:14
#14 10.45  Γ¥» Server.<anonymous> node_modules/supertest/lib/test.js:152:11
#14 10.45 
#14 10.45 ΓÄ»ΓÄ»ΓÄ»ΓÄ»ΓÄ»ΓÄ»ΓÄ»ΓÄ»ΓÄ»ΓÄ»ΓÄ»ΓÄ»ΓÄ»ΓÄ»ΓÄ»ΓÄ»ΓÄ»ΓÄ»ΓÄ»ΓÄ»ΓÄ»ΓÄ»[45/49]ΓÄ»
#14 10.45 
#14 10.45  FAIL  src/__tests__/HU-04.test.ts > HU-04 - Filtro por tipo de incidente (Query Service) > TC-020 - Combinar filtro de tipo con estado y prioridad > debe retornar resultados consistentes con la tabla de decisi├│n (solo tipo)
#14 10.45 Error: expected 200 "OK", got 500 "Internal Server Error"
#14 10.45  Γ¥» src/__tests__/HU-04.test.ts:102:18
#14 10.45     100|             const response = await request(app)
#14 10.45     101|                 .get('/api/tickets?incidentType=NO_SERVICE')
#14 10.45     102|                 .expect(200);
#14 10.45        |                  ^
#14 10.45     103| 
#14 10.45     104|             expect(response.body.pagination.totalItems).toBe(2); // BaΓÇª
#14 10.45  Γ¥» Test._assertStatus node_modules/supertest/lib/test.js:309:14
#14 10.45  Γ¥» node_modules/supertest/lib/test.js:365:13
#14 10.45  Γ¥» Test._assertFunction node_modules/supertest/lib/test.js:342:13
#14 10.45  Γ¥» Test.assert node_modules/supertest/lib/test.js:195:23
#14 10.45  Γ¥» localAssert node_modules/supertest/lib/test.js:138:14
#14 10.45  Γ¥» Server.<anonymous> node_modules/supertest/lib/test.js:152:11
#14 10.45 
#14 10.45 ΓÄ»ΓÄ»ΓÄ»ΓÄ»ΓÄ»ΓÄ»ΓÄ»ΓÄ»ΓÄ»ΓÄ»ΓÄ»ΓÄ»ΓÄ»ΓÄ»ΓÄ»ΓÄ»ΓÄ»ΓÄ»ΓÄ»ΓÄ»ΓÄ»ΓÄ»[46/49]ΓÄ»
#14 10.45 
#14 10.45  FAIL  src/__tests__/HU-04.test.ts > HU-04 - Filtro por tipo de incidente (Query Service) > TC-021 - Filtrar con tipo de incidente inv├ílido > debe retornar 400 cuando el tipo no existe en el dominio
#14 10.46 Error: expected 400 "Bad Request", got 500 "Internal Server Error"
#14 10.46  Γ¥» src/__tests__/HU-04.test.ts:130:18
#14 10.46     128|             const response = await request(app)
#14 10.46     129|                 .get('/api/tickets?incidentType=HARDWARE_FAILURE')
#14 10.46     130|                 .expect(400);
#14 10.46        |                  ^
#14 10.46     131| 
#14 10.46     132|             expect(response.body.error).toBeDefined();
#14 10.46  Γ¥» Test._assertStatus node_modules/supertest/lib/test.js:309:14
#14 10.46  Γ¥» node_modules/supertest/lib/test.js:365:13
#14 10.46  Γ¥» Test._assertFunction node_modules/supertest/lib/test.js:342:13
#14 10.46  Γ¥» Test.assert node_modules/supertest/lib/test.js:195:23
#14 10.46  Γ¥» localAssert node_modules/supertest/lib/test.js:138:14
#14 10.46  Γ¥» Server.<anonymous> node_modules/supertest/lib/test.js:152:11
#14 10.46 
#14 10.46 ΓÄ»ΓÄ»ΓÄ»ΓÄ»ΓÄ»ΓÄ»ΓÄ»ΓÄ»ΓÄ»ΓÄ»ΓÄ»ΓÄ»ΓÄ»ΓÄ»ΓÄ»ΓÄ»ΓÄ»ΓÄ»ΓÄ»ΓÄ»ΓÄ»ΓÄ»[47/49]ΓÄ»
#14 10.46 
#14 10.46  FAIL  src/__tests__/HU-04.test.ts > HU-04 - Filtro por tipo de incidente (Query Service) > TC-021 - Filtrar con tipo de incidente inv├ílido > debe retornar 400 cuando el valor es num├⌐rico
#14 10.46 Error: expected 400 "Bad Request", got 500 "Internal Server Error"
#14 10.46  Γ¥» src/__tests__/HU-04.test.ts:139:18
#14 10.46     137|             await request(app)
#14 10.46     138|                 .get('/api/tickets?incidentType=123')
#14 10.46     139|                 .expect(400);
#14 10.46        |                  ^
#14 10.46     140|         });
#14 10.46     141| 
#14 10.46  Γ¥» Test._assertStatus node_modules/supertest/lib/test.js:309:14
#14 10.46  Γ¥» node_modules/supertest/lib/test.js:365:13
#14 10.46  Γ¥» Test._assertFunction node_modules/supertest/lib/test.js:342:13
#14 10.46  Γ¥» Test.assert node_modules/supertest/lib/test.js:195:23
#14 10.46  Γ¥» localAssert node_modules/supertest/lib/test.js:138:14
#14 10.46  Γ¥» Server.<anonymous> node_modules/supertest/lib/test.js:152:11
#14 10.46 
#14 10.46 ΓÄ»ΓÄ»ΓÄ»ΓÄ»ΓÄ»ΓÄ»ΓÄ»ΓÄ»ΓÄ»ΓÄ»ΓÄ»ΓÄ»ΓÄ»ΓÄ»ΓÄ»ΓÄ»ΓÄ»ΓÄ»ΓÄ»ΓÄ»ΓÄ»ΓÄ»[48/49]ΓÄ»
#14 10.46 
#14 10.46  FAIL  src/__tests__/HU-04.test.ts > HU-04 - Filtro por tipo de incidente (Query Service) > TC-021 - Filtrar con tipo de incidente inv├ílido > debe ser sensible a may├║sculas seg├║n contrato (no_service es inv├ílido)
#14 10.46 Error: expected 400 "Bad Request", got 500 "Internal Server Error"
#14 10.46  Γ¥» src/__tests__/HU-04.test.ts:145:18
#14 10.46     143|             await request(app)
#14 10.46     144|                 .get('/api/tickets?incidentType=no_service')
#14 10.46     145|                 .expect(400);
#14 10.46        |                  ^
#14 10.46     146|         });
#14 10.46     147|     });
#14 10.46  Γ¥» Test._assertStatus node_modules/supertest/lib/test.js:309:14
#14 10.46  Γ¥» node_modules/supertest/lib/test.js:365:13
#14 10.46  Γ¥» Test._assertFunction node_modules/supertest/lib/test.js:342:13
#14 10.46  Γ¥» Test.assert node_modules/supertest/lib/test.js:195:23
#14 10.46  Γ¥» localAssert node_modules/supertest/lib/test.js:138:14
#14 10.46  Γ¥» Server.<anonymous> node_modules/supertest/lib/test.js:152:11
#14 10.46 
#14 10.46 ΓÄ»ΓÄ»ΓÄ»ΓÄ»ΓÄ»ΓÄ»ΓÄ»ΓÄ»ΓÄ»ΓÄ»ΓÄ»ΓÄ»ΓÄ»ΓÄ»ΓÄ»ΓÄ»ΓÄ»ΓÄ»ΓÄ»ΓÄ»ΓÄ»ΓÄ»[49/49]ΓÄ»
#14 10.46 
#14 10.46  Test Files  6 failed | 4 passed (10)
#14 10.46       Tests  49 failed | 100 passed (149)
#14 10.46    Start at  21:55:13
#14 10.46    Duration  7.39s (transform 816ms, setup 0ms, collect 5.46s, tests 1.99s, environment 16ms, prepare 2.16s)
#14 10.46 
#14 ERROR: process "/bin/sh -c npm test" did not complete successfully: exit code: 1
------
 > [9/9] RUN npm test:
10.46  Γ¥» localAssert node_modules/supertest/lib/test.js:138:14
10.46  Γ¥» Server.<anonymous> node_modules/supertest/lib/test.js:152:11
10.46 
10.46 ΓÄ»ΓÄ»ΓÄ»ΓÄ»ΓÄ»ΓÄ»ΓÄ»ΓÄ»ΓÄ»ΓÄ»ΓÄ»ΓÄ»ΓÄ»ΓÄ»ΓÄ»ΓÄ»ΓÄ»ΓÄ»ΓÄ»ΓÄ»ΓÄ»ΓÄ»[49/49]ΓÄ»
10.46 
10.46  Test Files  6 failed | 4 passed (10)
10.46       Tests  49 failed | 100 passed (149)
10.46    Start at  21:55:13
10.46    Duration  7.39s (transform 816ms, setup 0ms, collect 5.46s, tests 1.99s, environment 16ms, prepare 2.16s)
10.46 
------
Dockerfile:15

--------------------

  13 |     # Build the application (optional for dev, but good practice)

  14 |     RUN npx tsc

  15 | >>> RUN npm test

  16 |     

  17 |     EXPOSE 4000

--------------------

failed to solve: process "/bin/sh -c npm test" did not complete successfully: 
exit code: 1

